<html>
<body>
<pre>
<h1>µVision Build Log</h1>
<h2>Tool Versions:</h2>
IDE-Version: µVision V5.38.0.0
Copyright (C) 2022 ARM Ltd and ARM Germany GmbH. All rights reserved.
License Information: Alaa Salem, null, LIC=UB48P-6HQ6K-UQM6P-5MEB6-14VUR-YFSX7
 
Tool Versions:
Toolchain:       MDK-ARM Professional  Version: 5.38.0.0
Toolchain Path:  C:\Keil_v5\ARM\ARMCLANG\Bin
C Compiler:      ArmClang.exe V6.19
Assembler:       Armasm.exe V6.19
Linker/Locator:  ArmLink.exe V6.19
Library Manager: ArmAr.exe V6.19
Hex Converter:   FromElf.exe V6.19
CPU DLL:         SARMCM3.DLL V5.38.0.0
Dialog DLL:      DCM.DLL V1.17.5.0
Target DLL:      STLink\ST-LINKIII-KEIL_SWO.dll V3.1.0.0
Dialog DLL:      TCM.DLL V1.56.4.0
 
<h2>Project:</h2>
C:\Users\alaah\OneDrive\Desktop\SemiFinal\FINAL.uvprojx
Project File Date:  01/01/2024

<h2>Output:</h2>
*** Using Compiler 'V6.19', folder: 'C:\Keil_v5\ARM\ARMCLANG\Bin'
Build target 'Target 1'
ArmClang: warning: Your license for feature Keil will expire in 29 days [-Wlicense-management]
"DEAD.s", line 238: Warning: A1581W: Added 2 bytes of padding at address 0x7e
  238 00000080  LTORG
"DEAD.s", line 872: Warning: A1581W: Added 2 bytes of padding at address 0x616
  872 00000618  LTORG
"DEAD.s", line 2612: Warning: A1581W: Added 2 bytes of padding at address 0x11e6
 2612 000011e8  LTORG
"DEAD.s", line 3369: Warning: A1581W: Added 2 bytes of padding at address 0x1686
 3369 00001688  LTORG
"DEAD.s", line 4324: Warning: A1581W: Added 2 bytes of padding at address 0x1dbe
 4324 00001dc0  LTORG
0 Errors, 5 Warnings
ArmClang: warning: Your license for feature Keil will expire in 29 days [-Wlicense-management]
assembling DEAD.s...
linking...
.\Objects\FINAL.sct(8): warning: L6314W: No section matches pattern *(InRoot$$Sections).
Program Size: Code=8864 RO-data=47724 RW-data=140 ZI-data=1540  
Finished: 0 information, 1 warning and 0 error messages.
".\Objects\FINAL.axf" - 0 Error(s), 3 Warning(s).

<h2>Software Packages used:</h2>

Package Vendor: ARM
                http://www.keil.com/pack/ARM.CMSIS.5.9.0.pack
                ARM.CMSIS.5.9.0
                CMSIS (Common Microcontroller Software Interface Standard)
   * Component: CORE Version: 5.6.0

Package Vendor: Keil
                https://www.keil.com/pack/Keil.STM32F4xx_DFP.2.17.1.pack
                Keil.STM32F4xx_DFP.2.17.1
                STMicroelectronics STM32F4 Series Device Support, Drivers and Examples
   * Component: Startup Version: 2.6.3

<h2>Collection of Component include folders:</h2>
  ./RTE/_Target_1
  C:/Users/alaah/AppData/Local/Arm/Packs/ARM/CMSIS/5.9.0/CMSIS/Core/Include
  C:/Users/alaah/AppData/Local/Arm/Packs/Keil/STM32F4xx_DFP/2.17.1/Drivers/CMSIS/Device/ST/STM32F4xx/Include

<h2>Collection of Component Files used:</h2>

   * Component: ARM::CMSIS:CORE:5.6.0

   * Component: Keil::Device:Startup:2.6.3
      Source file:   MDK/Device/Source/ARM/STM32F401xx_OPT.s
      Source file:   MDK/Device/Source/ARM/STM32F4xx_OTP.s
      Source file:   Drivers/CMSIS/Device/ST/STM32F4xx/Source/Templates/arm/startup_stm32f401xc.s
      Include file:  Drivers/CMSIS/Device/ST/STM32F4xx/Include/stm32f4xx.h
      Source file:   Drivers/CMSIS/Device/ST/STM32F4xx/Source/Templates/system_stm32f4xx.c
Build Time Elapsed:  00:01:32
</pre>
</body>
</html>
