<!doctype html public "-//w3c//dtd html 4.0 transitional//en">
<html><head>
<title>Static Call Graph - [.\Objects\FINAL.axf]</title></head>
<body><HR>
<H1>Static Call Graph for image .\Objects\FINAL.axf</H1><HR>
<BR><P>#&#060CALLGRAPH&#062# ARM Linker, 6190004: Last Updated: Mon Jan  1 13:20:31 2024
<BR><P>
<H3>Maximum Stack Usage =          0 bytes + Unknown(Functions without stacksize, Cycles, Untraceable Function Pointers)</H3><H3>
Call chain for Maximum Stack Depth:</H3>

<P>
<H3>
Functions with no stack information
</H3><UL>
 <LI><a href="#[93]">__user_initial_stackheap</a>
</UL>
</UL>
<P>
<H3>
Mutually Recursive functions
</H3> <LI><a href="#[43]">__main</a>&nbsp;&nbsp;&nbsp;&rArr;&nbsp;&nbsp;&nbsp;<a href="#[43]">__main</a><BR>
 <LI><a href="#[74]">NEON_RACERS</a>&nbsp;&nbsp;&nbsp;&rArr;&nbsp;&nbsp;&nbsp;<a href="#[43]">__main</a><BR>
 <LI><a href="#[1]">NMI_Handler</a>&nbsp;&nbsp;&nbsp;&rArr;&nbsp;&nbsp;&nbsp;<a href="#[1]">NMI_Handler</a><BR>
 <LI><a href="#[2]">HardFault_Handler</a>&nbsp;&nbsp;&nbsp;&rArr;&nbsp;&nbsp;&nbsp;<a href="#[2]">HardFault_Handler</a><BR>
 <LI><a href="#[3]">MemManage_Handler</a>&nbsp;&nbsp;&nbsp;&rArr;&nbsp;&nbsp;&nbsp;<a href="#[3]">MemManage_Handler</a><BR>
 <LI><a href="#[4]">BusFault_Handler</a>&nbsp;&nbsp;&nbsp;&rArr;&nbsp;&nbsp;&nbsp;<a href="#[4]">BusFault_Handler</a><BR>
 <LI><a href="#[5]">UsageFault_Handler</a>&nbsp;&nbsp;&nbsp;&rArr;&nbsp;&nbsp;&nbsp;<a href="#[5]">UsageFault_Handler</a><BR>
 <LI><a href="#[6]">SVC_Handler</a>&nbsp;&nbsp;&nbsp;&rArr;&nbsp;&nbsp;&nbsp;<a href="#[6]">SVC_Handler</a><BR>
 <LI><a href="#[7]">DebugMon_Handler</a>&nbsp;&nbsp;&nbsp;&rArr;&nbsp;&nbsp;&nbsp;<a href="#[7]">DebugMon_Handler</a><BR>
 <LI><a href="#[8]">PendSV_Handler</a>&nbsp;&nbsp;&nbsp;&rArr;&nbsp;&nbsp;&nbsp;<a href="#[8]">PendSV_Handler</a><BR>
 <LI><a href="#[9]">SysTick_Handler</a>&nbsp;&nbsp;&nbsp;&rArr;&nbsp;&nbsp;&nbsp;<a href="#[9]">SysTick_Handler</a><BR>
 <LI><a href="#[1c]">ADC_IRQHandler</a>&nbsp;&nbsp;&nbsp;&rArr;&nbsp;&nbsp;&nbsp;<a href="#[1c]">ADC_IRQHandler</a><BR>
</UL>
<P>
<H3>
Function Pointers
</H3><UL>
 <LI><a href="#[1c]">ADC_IRQHandler</a> from startup_stm32f401xc.o(.text) referenced from startup_stm32f401xc.o(RESET)
 <LI><a href="#[4]">BusFault_Handler</a> from startup_stm32f401xc.o(.text) referenced from startup_stm32f401xc.o(RESET)
 <LI><a href="#[15]">DMA1_Stream0_IRQHandler</a> from startup_stm32f401xc.o(.text) referenced from startup_stm32f401xc.o(RESET)
 <LI><a href="#[16]">DMA1_Stream1_IRQHandler</a> from startup_stm32f401xc.o(.text) referenced from startup_stm32f401xc.o(RESET)
 <LI><a href="#[17]">DMA1_Stream2_IRQHandler</a> from startup_stm32f401xc.o(.text) referenced from startup_stm32f401xc.o(RESET)
 <LI><a href="#[18]">DMA1_Stream3_IRQHandler</a> from startup_stm32f401xc.o(.text) referenced from startup_stm32f401xc.o(RESET)
 <LI><a href="#[19]">DMA1_Stream4_IRQHandler</a> from startup_stm32f401xc.o(.text) referenced from startup_stm32f401xc.o(RESET)
 <LI><a href="#[1a]">DMA1_Stream5_IRQHandler</a> from startup_stm32f401xc.o(.text) referenced from startup_stm32f401xc.o(RESET)
 <LI><a href="#[1b]">DMA1_Stream6_IRQHandler</a> from startup_stm32f401xc.o(.text) referenced from startup_stm32f401xc.o(RESET)
 <LI><a href="#[30]">DMA1_Stream7_IRQHandler</a> from startup_stm32f401xc.o(.text) referenced from startup_stm32f401xc.o(RESET)
 <LI><a href="#[34]">DMA2_Stream0_IRQHandler</a> from startup_stm32f401xc.o(.text) referenced from startup_stm32f401xc.o(RESET)
 <LI><a href="#[35]">DMA2_Stream1_IRQHandler</a> from startup_stm32f401xc.o(.text) referenced from startup_stm32f401xc.o(RESET)
 <LI><a href="#[36]">DMA2_Stream2_IRQHandler</a> from startup_stm32f401xc.o(.text) referenced from startup_stm32f401xc.o(RESET)
 <LI><a href="#[37]">DMA2_Stream3_IRQHandler</a> from startup_stm32f401xc.o(.text) referenced from startup_stm32f401xc.o(RESET)
 <LI><a href="#[38]">DMA2_Stream4_IRQHandler</a> from startup_stm32f401xc.o(.text) referenced from startup_stm32f401xc.o(RESET)
 <LI><a href="#[3a]">DMA2_Stream5_IRQHandler</a> from startup_stm32f401xc.o(.text) referenced from startup_stm32f401xc.o(RESET)
 <LI><a href="#[3b]">DMA2_Stream6_IRQHandler</a> from startup_stm32f401xc.o(.text) referenced from startup_stm32f401xc.o(RESET)
 <LI><a href="#[3c]">DMA2_Stream7_IRQHandler</a> from startup_stm32f401xc.o(.text) referenced from startup_stm32f401xc.o(RESET)
 <LI><a href="#[7]">DebugMon_Handler</a> from startup_stm32f401xc.o(.text) referenced from startup_stm32f401xc.o(RESET)
 <LI><a href="#[10]">EXTI0_IRQHandler</a> from startup_stm32f401xc.o(.text) referenced from startup_stm32f401xc.o(RESET)
 <LI><a href="#[2d]">EXTI15_10_IRQHandler</a> from startup_stm32f401xc.o(.text) referenced from startup_stm32f401xc.o(RESET)
 <LI><a href="#[11]">EXTI1_IRQHandler</a> from startup_stm32f401xc.o(.text) referenced from startup_stm32f401xc.o(RESET)
 <LI><a href="#[12]">EXTI2_IRQHandler</a> from startup_stm32f401xc.o(.text) referenced from startup_stm32f401xc.o(RESET)
 <LI><a href="#[13]">EXTI3_IRQHandler</a> from startup_stm32f401xc.o(.text) referenced from startup_stm32f401xc.o(RESET)
 <LI><a href="#[14]">EXTI4_IRQHandler</a> from startup_stm32f401xc.o(.text) referenced from startup_stm32f401xc.o(RESET)
 <LI><a href="#[1d]">EXTI9_5_IRQHandler</a> from startup_stm32f401xc.o(.text) referenced from startup_stm32f401xc.o(RESET)
 <LI><a href="#[e]">FLASH_IRQHandler</a> from startup_stm32f401xc.o(.text) referenced from startup_stm32f401xc.o(RESET)
 <LI><a href="#[40]">FPU_IRQHandler</a> from startup_stm32f401xc.o(.text) referenced from startup_stm32f401xc.o(RESET)
 <LI><a href="#[2]">HardFault_Handler</a> from startup_stm32f401xc.o(.text) referenced from startup_stm32f401xc.o(RESET)
 <LI><a href="#[26]">I2C1_ER_IRQHandler</a> from startup_stm32f401xc.o(.text) referenced from startup_stm32f401xc.o(RESET)
 <LI><a href="#[25]">I2C1_EV_IRQHandler</a> from startup_stm32f401xc.o(.text) referenced from startup_stm32f401xc.o(RESET)
 <LI><a href="#[28]">I2C2_ER_IRQHandler</a> from startup_stm32f401xc.o(.text) referenced from startup_stm32f401xc.o(RESET)
 <LI><a href="#[27]">I2C2_EV_IRQHandler</a> from startup_stm32f401xc.o(.text) referenced from startup_stm32f401xc.o(RESET)
 <LI><a href="#[3f]">I2C3_ER_IRQHandler</a> from startup_stm32f401xc.o(.text) referenced from startup_stm32f401xc.o(RESET)
 <LI><a href="#[3e]">I2C3_EV_IRQHandler</a> from startup_stm32f401xc.o(.text) referenced from startup_stm32f401xc.o(RESET)
 <LI><a href="#[3]">MemManage_Handler</a> from startup_stm32f401xc.o(.text) referenced from startup_stm32f401xc.o(RESET)
 <LI><a href="#[1]">NMI_Handler</a> from startup_stm32f401xc.o(.text) referenced from startup_stm32f401xc.o(RESET)
 <LI><a href="#[39]">OTG_FS_IRQHandler</a> from startup_stm32f401xc.o(.text) referenced from startup_stm32f401xc.o(RESET)
 <LI><a href="#[2f]">OTG_FS_WKUP_IRQHandler</a> from startup_stm32f401xc.o(.text) referenced from startup_stm32f401xc.o(RESET)
 <LI><a href="#[b]">PVD_IRQHandler</a> from startup_stm32f401xc.o(.text) referenced from startup_stm32f401xc.o(RESET)
 <LI><a href="#[8]">PendSV_Handler</a> from startup_stm32f401xc.o(.text) referenced from startup_stm32f401xc.o(RESET)
 <LI><a href="#[f]">RCC_IRQHandler</a> from startup_stm32f401xc.o(.text) referenced from startup_stm32f401xc.o(RESET)
 <LI><a href="#[2e]">RTC_Alarm_IRQHandler</a> from startup_stm32f401xc.o(.text) referenced from startup_stm32f401xc.o(RESET)
 <LI><a href="#[d]">RTC_WKUP_IRQHandler</a> from startup_stm32f401xc.o(.text) referenced from startup_stm32f401xc.o(RESET)
 <LI><a href="#[0]">Reset_Handler</a> from startup_stm32f401xc.o(.text) referenced from startup_stm32f401xc.o(RESET)
 <LI><a href="#[31]">SDIO_IRQHandler</a> from startup_stm32f401xc.o(.text) referenced from startup_stm32f401xc.o(RESET)
 <LI><a href="#[29]">SPI1_IRQHandler</a> from startup_stm32f401xc.o(.text) referenced from startup_stm32f401xc.o(RESET)
 <LI><a href="#[2a]">SPI2_IRQHandler</a> from startup_stm32f401xc.o(.text) referenced from startup_stm32f401xc.o(RESET)
 <LI><a href="#[33]">SPI3_IRQHandler</a> from startup_stm32f401xc.o(.text) referenced from startup_stm32f401xc.o(RESET)
 <LI><a href="#[41]">SPI4_IRQHandler</a> from startup_stm32f401xc.o(.text) referenced from startup_stm32f401xc.o(RESET)
 <LI><a href="#[6]">SVC_Handler</a> from startup_stm32f401xc.o(.text) referenced from startup_stm32f401xc.o(RESET)
 <LI><a href="#[9]">SysTick_Handler</a> from startup_stm32f401xc.o(.text) referenced from startup_stm32f401xc.o(RESET)
 <LI><a href="#[42]">SystemInit</a> from system_stm32f4xx.o(.text.SystemInit) referenced from startup_stm32f401xc.o(.text)
 <LI><a href="#[c]">TAMP_STAMP_IRQHandler</a> from startup_stm32f401xc.o(.text) referenced from startup_stm32f401xc.o(RESET)
 <LI><a href="#[1e]">TIM1_BRK_TIM9_IRQHandler</a> from startup_stm32f401xc.o(.text) referenced from startup_stm32f401xc.o(RESET)
 <LI><a href="#[21]">TIM1_CC_IRQHandler</a> from startup_stm32f401xc.o(.text) referenced from startup_stm32f401xc.o(RESET)
 <LI><a href="#[20]">TIM1_TRG_COM_TIM11_IRQHandler</a> from startup_stm32f401xc.o(.text) referenced from startup_stm32f401xc.o(RESET)
 <LI><a href="#[1f]">TIM1_UP_TIM10_IRQHandler</a> from startup_stm32f401xc.o(.text) referenced from startup_stm32f401xc.o(RESET)
 <LI><a href="#[22]">TIM2_IRQHandler</a> from startup_stm32f401xc.o(.text) referenced from startup_stm32f401xc.o(RESET)
 <LI><a href="#[23]">TIM3_IRQHandler</a> from startup_stm32f401xc.o(.text) referenced from startup_stm32f401xc.o(RESET)
 <LI><a href="#[24]">TIM4_IRQHandler</a> from startup_stm32f401xc.o(.text) referenced from startup_stm32f401xc.o(RESET)
 <LI><a href="#[32]">TIM5_IRQHandler</a> from startup_stm32f401xc.o(.text) referenced from startup_stm32f401xc.o(RESET)
 <LI><a href="#[2b]">USART1_IRQHandler</a> from startup_stm32f401xc.o(.text) referenced from startup_stm32f401xc.o(RESET)
 <LI><a href="#[2c]">USART2_IRQHandler</a> from startup_stm32f401xc.o(.text) referenced from startup_stm32f401xc.o(RESET)
 <LI><a href="#[3d]">USART6_IRQHandler</a> from startup_stm32f401xc.o(.text) referenced from startup_stm32f401xc.o(RESET)
 <LI><a href="#[5]">UsageFault_Handler</a> from startup_stm32f401xc.o(.text) referenced from startup_stm32f401xc.o(RESET)
 <LI><a href="#[a]">WWDG_IRQHandler</a> from startup_stm32f401xc.o(.text) referenced from startup_stm32f401xc.o(RESET)
 <LI><a href="#[43]">__main</a> from dead.o(MYCODE) referenced from startup_stm32f401xc.o(.text)
</UL>
<P>
<H3>
Global Symbols
</H3>
<P><STRONG><a name="[0]"></a>Reset_Handler</STRONG> (Thumb, 8 bytes, Stack size 0 bytes, startup_stm32f401xc.o(.text))
<BR>[Address Reference Count : 1]<UL><LI> startup_stm32f401xc.o(RESET)
</UL>
<P><STRONG><a name="[1]"></a>NMI_Handler</STRONG> (Thumb, 2 bytes, Stack size 0 bytes, startup_stm32f401xc.o(.text))
<BR><BR>[Calls]<UL><LI><a href="#[1]">&gt;&gt;</a>&nbsp;&nbsp;&nbsp;NMI_Handler
</UL>
<BR>[Called By]<UL><LI><a href="#[1]">&gt;&gt;</a>&nbsp;&nbsp;&nbsp;NMI_Handler
</UL>
<BR>[Address Reference Count : 1]<UL><LI> startup_stm32f401xc.o(RESET)
</UL>
<P><STRONG><a name="[2]"></a>HardFault_Handler</STRONG> (Thumb, 2 bytes, Stack size 0 bytes, startup_stm32f401xc.o(.text))
<BR><BR>[Calls]<UL><LI><a href="#[2]">&gt;&gt;</a>&nbsp;&nbsp;&nbsp;HardFault_Handler
</UL>
<BR>[Called By]<UL><LI><a href="#[2]">&gt;&gt;</a>&nbsp;&nbsp;&nbsp;HardFault_Handler
</UL>
<BR>[Address Reference Count : 1]<UL><LI> startup_stm32f401xc.o(RESET)
</UL>
<P><STRONG><a name="[3]"></a>MemManage_Handler</STRONG> (Thumb, 2 bytes, Stack size 0 bytes, startup_stm32f401xc.o(.text))
<BR><BR>[Calls]<UL><LI><a href="#[3]">&gt;&gt;</a>&nbsp;&nbsp;&nbsp;MemManage_Handler
</UL>
<BR>[Called By]<UL><LI><a href="#[3]">&gt;&gt;</a>&nbsp;&nbsp;&nbsp;MemManage_Handler
</UL>
<BR>[Address Reference Count : 1]<UL><LI> startup_stm32f401xc.o(RESET)
</UL>
<P><STRONG><a name="[4]"></a>BusFault_Handler</STRONG> (Thumb, 2 bytes, Stack size 0 bytes, startup_stm32f401xc.o(.text))
<BR><BR>[Calls]<UL><LI><a href="#[4]">&gt;&gt;</a>&nbsp;&nbsp;&nbsp;BusFault_Handler
</UL>
<BR>[Called By]<UL><LI><a href="#[4]">&gt;&gt;</a>&nbsp;&nbsp;&nbsp;BusFault_Handler
</UL>
<BR>[Address Reference Count : 1]<UL><LI> startup_stm32f401xc.o(RESET)
</UL>
<P><STRONG><a name="[5]"></a>UsageFault_Handler</STRONG> (Thumb, 2 bytes, Stack size 0 bytes, startup_stm32f401xc.o(.text))
<BR><BR>[Calls]<UL><LI><a href="#[5]">&gt;&gt;</a>&nbsp;&nbsp;&nbsp;UsageFault_Handler
</UL>
<BR>[Called By]<UL><LI><a href="#[5]">&gt;&gt;</a>&nbsp;&nbsp;&nbsp;UsageFault_Handler
</UL>
<BR>[Address Reference Count : 1]<UL><LI> startup_stm32f401xc.o(RESET)
</UL>
<P><STRONG><a name="[6]"></a>SVC_Handler</STRONG> (Thumb, 2 bytes, Stack size 0 bytes, startup_stm32f401xc.o(.text))
<BR><BR>[Calls]<UL><LI><a href="#[6]">&gt;&gt;</a>&nbsp;&nbsp;&nbsp;SVC_Handler
</UL>
<BR>[Called By]<UL><LI><a href="#[6]">&gt;&gt;</a>&nbsp;&nbsp;&nbsp;SVC_Handler
</UL>
<BR>[Address Reference Count : 1]<UL><LI> startup_stm32f401xc.o(RESET)
</UL>
<P><STRONG><a name="[7]"></a>DebugMon_Handler</STRONG> (Thumb, 2 bytes, Stack size 0 bytes, startup_stm32f401xc.o(.text))
<BR><BR>[Calls]<UL><LI><a href="#[7]">&gt;&gt;</a>&nbsp;&nbsp;&nbsp;DebugMon_Handler
</UL>
<BR>[Called By]<UL><LI><a href="#[7]">&gt;&gt;</a>&nbsp;&nbsp;&nbsp;DebugMon_Handler
</UL>
<BR>[Address Reference Count : 1]<UL><LI> startup_stm32f401xc.o(RESET)
</UL>
<P><STRONG><a name="[8]"></a>PendSV_Handler</STRONG> (Thumb, 2 bytes, Stack size 0 bytes, startup_stm32f401xc.o(.text))
<BR><BR>[Calls]<UL><LI><a href="#[8]">&gt;&gt;</a>&nbsp;&nbsp;&nbsp;PendSV_Handler
</UL>
<BR>[Called By]<UL><LI><a href="#[8]">&gt;&gt;</a>&nbsp;&nbsp;&nbsp;PendSV_Handler
</UL>
<BR>[Address Reference Count : 1]<UL><LI> startup_stm32f401xc.o(RESET)
</UL>
<P><STRONG><a name="[9]"></a>SysTick_Handler</STRONG> (Thumb, 2 bytes, Stack size 0 bytes, startup_stm32f401xc.o(.text))
<BR><BR>[Calls]<UL><LI><a href="#[9]">&gt;&gt;</a>&nbsp;&nbsp;&nbsp;SysTick_Handler
</UL>
<BR>[Called By]<UL><LI><a href="#[9]">&gt;&gt;</a>&nbsp;&nbsp;&nbsp;SysTick_Handler
</UL>
<BR>[Address Reference Count : 1]<UL><LI> startup_stm32f401xc.o(RESET)
</UL>
<P><STRONG><a name="[1c]"></a>ADC_IRQHandler</STRONG> (Thumb, 0 bytes, Stack size 0 bytes, startup_stm32f401xc.o(.text))
<BR><BR>[Calls]<UL><LI><a href="#[1c]">&gt;&gt;</a>&nbsp;&nbsp;&nbsp;ADC_IRQHandler
</UL>
<BR>[Called By]<UL><LI><a href="#[1c]">&gt;&gt;</a>&nbsp;&nbsp;&nbsp;ADC_IRQHandler
</UL>
<BR>[Address Reference Count : 1]<UL><LI> startup_stm32f401xc.o(RESET)
</UL>
<P><STRONG><a name="[15]"></a>DMA1_Stream0_IRQHandler</STRONG> (Thumb, 0 bytes, Stack size 0 bytes, startup_stm32f401xc.o(.text))
<BR>[Address Reference Count : 1]<UL><LI> startup_stm32f401xc.o(RESET)
</UL>
<P><STRONG><a name="[16]"></a>DMA1_Stream1_IRQHandler</STRONG> (Thumb, 0 bytes, Stack size 0 bytes, startup_stm32f401xc.o(.text))
<BR>[Address Reference Count : 1]<UL><LI> startup_stm32f401xc.o(RESET)
</UL>
<P><STRONG><a name="[17]"></a>DMA1_Stream2_IRQHandler</STRONG> (Thumb, 0 bytes, Stack size 0 bytes, startup_stm32f401xc.o(.text))
<BR>[Address Reference Count : 1]<UL><LI> startup_stm32f401xc.o(RESET)
</UL>
<P><STRONG><a name="[18]"></a>DMA1_Stream3_IRQHandler</STRONG> (Thumb, 0 bytes, Stack size 0 bytes, startup_stm32f401xc.o(.text))
<BR>[Address Reference Count : 1]<UL><LI> startup_stm32f401xc.o(RESET)
</UL>
<P><STRONG><a name="[19]"></a>DMA1_Stream4_IRQHandler</STRONG> (Thumb, 0 bytes, Stack size 0 bytes, startup_stm32f401xc.o(.text))
<BR>[Address Reference Count : 1]<UL><LI> startup_stm32f401xc.o(RESET)
</UL>
<P><STRONG><a name="[1a]"></a>DMA1_Stream5_IRQHandler</STRONG> (Thumb, 0 bytes, Stack size 0 bytes, startup_stm32f401xc.o(.text))
<BR>[Address Reference Count : 1]<UL><LI> startup_stm32f401xc.o(RESET)
</UL>
<P><STRONG><a name="[1b]"></a>DMA1_Stream6_IRQHandler</STRONG> (Thumb, 0 bytes, Stack size 0 bytes, startup_stm32f401xc.o(.text))
<BR>[Address Reference Count : 1]<UL><LI> startup_stm32f401xc.o(RESET)
</UL>
<P><STRONG><a name="[30]"></a>DMA1_Stream7_IRQHandler</STRONG> (Thumb, 0 bytes, Stack size 0 bytes, startup_stm32f401xc.o(.text))
<BR>[Address Reference Count : 1]<UL><LI> startup_stm32f401xc.o(RESET)
</UL>
<P><STRONG><a name="[34]"></a>DMA2_Stream0_IRQHandler</STRONG> (Thumb, 0 bytes, Stack size 0 bytes, startup_stm32f401xc.o(.text))
<BR>[Address Reference Count : 1]<UL><LI> startup_stm32f401xc.o(RESET)
</UL>
<P><STRONG><a name="[35]"></a>DMA2_Stream1_IRQHandler</STRONG> (Thumb, 0 bytes, Stack size 0 bytes, startup_stm32f401xc.o(.text))
<BR>[Address Reference Count : 1]<UL><LI> startup_stm32f401xc.o(RESET)
</UL>
<P><STRONG><a name="[36]"></a>DMA2_Stream2_IRQHandler</STRONG> (Thumb, 0 bytes, Stack size 0 bytes, startup_stm32f401xc.o(.text))
<BR>[Address Reference Count : 1]<UL><LI> startup_stm32f401xc.o(RESET)
</UL>
<P><STRONG><a name="[37]"></a>DMA2_Stream3_IRQHandler</STRONG> (Thumb, 0 bytes, Stack size 0 bytes, startup_stm32f401xc.o(.text))
<BR>[Address Reference Count : 1]<UL><LI> startup_stm32f401xc.o(RESET)
</UL>
<P><STRONG><a name="[38]"></a>DMA2_Stream4_IRQHandler</STRONG> (Thumb, 0 bytes, Stack size 0 bytes, startup_stm32f401xc.o(.text))
<BR>[Address Reference Count : 1]<UL><LI> startup_stm32f401xc.o(RESET)
</UL>
<P><STRONG><a name="[3a]"></a>DMA2_Stream5_IRQHandler</STRONG> (Thumb, 0 bytes, Stack size 0 bytes, startup_stm32f401xc.o(.text))
<BR>[Address Reference Count : 1]<UL><LI> startup_stm32f401xc.o(RESET)
</UL>
<P><STRONG><a name="[3b]"></a>DMA2_Stream6_IRQHandler</STRONG> (Thumb, 0 bytes, Stack size 0 bytes, startup_stm32f401xc.o(.text))
<BR>[Address Reference Count : 1]<UL><LI> startup_stm32f401xc.o(RESET)
</UL>
<P><STRONG><a name="[3c]"></a>DMA2_Stream7_IRQHandler</STRONG> (Thumb, 0 bytes, Stack size 0 bytes, startup_stm32f401xc.o(.text))
<BR>[Address Reference Count : 1]<UL><LI> startup_stm32f401xc.o(RESET)
</UL>
<P><STRONG><a name="[10]"></a>EXTI0_IRQHandler</STRONG> (Thumb, 0 bytes, Stack size 0 bytes, startup_stm32f401xc.o(.text))
<BR>[Address Reference Count : 1]<UL><LI> startup_stm32f401xc.o(RESET)
</UL>
<P><STRONG><a name="[2d]"></a>EXTI15_10_IRQHandler</STRONG> (Thumb, 0 bytes, Stack size 0 bytes, startup_stm32f401xc.o(.text))
<BR>[Address Reference Count : 1]<UL><LI> startup_stm32f401xc.o(RESET)
</UL>
<P><STRONG><a name="[11]"></a>EXTI1_IRQHandler</STRONG> (Thumb, 0 bytes, Stack size 0 bytes, startup_stm32f401xc.o(.text))
<BR>[Address Reference Count : 1]<UL><LI> startup_stm32f401xc.o(RESET)
</UL>
<P><STRONG><a name="[12]"></a>EXTI2_IRQHandler</STRONG> (Thumb, 0 bytes, Stack size 0 bytes, startup_stm32f401xc.o(.text))
<BR>[Address Reference Count : 1]<UL><LI> startup_stm32f401xc.o(RESET)
</UL>
<P><STRONG><a name="[13]"></a>EXTI3_IRQHandler</STRONG> (Thumb, 0 bytes, Stack size 0 bytes, startup_stm32f401xc.o(.text))
<BR>[Address Reference Count : 1]<UL><LI> startup_stm32f401xc.o(RESET)
</UL>
<P><STRONG><a name="[14]"></a>EXTI4_IRQHandler</STRONG> (Thumb, 0 bytes, Stack size 0 bytes, startup_stm32f401xc.o(.text))
<BR>[Address Reference Count : 1]<UL><LI> startup_stm32f401xc.o(RESET)
</UL>
<P><STRONG><a name="[1d]"></a>EXTI9_5_IRQHandler</STRONG> (Thumb, 0 bytes, Stack size 0 bytes, startup_stm32f401xc.o(.text))
<BR>[Address Reference Count : 1]<UL><LI> startup_stm32f401xc.o(RESET)
</UL>
<P><STRONG><a name="[e]"></a>FLASH_IRQHandler</STRONG> (Thumb, 0 bytes, Stack size 0 bytes, startup_stm32f401xc.o(.text))
<BR>[Address Reference Count : 1]<UL><LI> startup_stm32f401xc.o(RESET)
</UL>
<P><STRONG><a name="[40]"></a>FPU_IRQHandler</STRONG> (Thumb, 0 bytes, Stack size 0 bytes, startup_stm32f401xc.o(.text))
<BR>[Address Reference Count : 1]<UL><LI> startup_stm32f401xc.o(RESET)
</UL>
<P><STRONG><a name="[26]"></a>I2C1_ER_IRQHandler</STRONG> (Thumb, 0 bytes, Stack size 0 bytes, startup_stm32f401xc.o(.text))
<BR>[Address Reference Count : 1]<UL><LI> startup_stm32f401xc.o(RESET)
</UL>
<P><STRONG><a name="[25]"></a>I2C1_EV_IRQHandler</STRONG> (Thumb, 0 bytes, Stack size 0 bytes, startup_stm32f401xc.o(.text))
<BR>[Address Reference Count : 1]<UL><LI> startup_stm32f401xc.o(RESET)
</UL>
<P><STRONG><a name="[28]"></a>I2C2_ER_IRQHandler</STRONG> (Thumb, 0 bytes, Stack size 0 bytes, startup_stm32f401xc.o(.text))
<BR>[Address Reference Count : 1]<UL><LI> startup_stm32f401xc.o(RESET)
</UL>
<P><STRONG><a name="[27]"></a>I2C2_EV_IRQHandler</STRONG> (Thumb, 0 bytes, Stack size 0 bytes, startup_stm32f401xc.o(.text))
<BR>[Address Reference Count : 1]<UL><LI> startup_stm32f401xc.o(RESET)
</UL>
<P><STRONG><a name="[3f]"></a>I2C3_ER_IRQHandler</STRONG> (Thumb, 0 bytes, Stack size 0 bytes, startup_stm32f401xc.o(.text))
<BR>[Address Reference Count : 1]<UL><LI> startup_stm32f401xc.o(RESET)
</UL>
<P><STRONG><a name="[3e]"></a>I2C3_EV_IRQHandler</STRONG> (Thumb, 0 bytes, Stack size 0 bytes, startup_stm32f401xc.o(.text))
<BR>[Address Reference Count : 1]<UL><LI> startup_stm32f401xc.o(RESET)
</UL>
<P><STRONG><a name="[39]"></a>OTG_FS_IRQHandler</STRONG> (Thumb, 0 bytes, Stack size 0 bytes, startup_stm32f401xc.o(.text))
<BR>[Address Reference Count : 1]<UL><LI> startup_stm32f401xc.o(RESET)
</UL>
<P><STRONG><a name="[2f]"></a>OTG_FS_WKUP_IRQHandler</STRONG> (Thumb, 0 bytes, Stack size 0 bytes, startup_stm32f401xc.o(.text))
<BR>[Address Reference Count : 1]<UL><LI> startup_stm32f401xc.o(RESET)
</UL>
<P><STRONG><a name="[b]"></a>PVD_IRQHandler</STRONG> (Thumb, 0 bytes, Stack size 0 bytes, startup_stm32f401xc.o(.text))
<BR>[Address Reference Count : 1]<UL><LI> startup_stm32f401xc.o(RESET)
</UL>
<P><STRONG><a name="[f]"></a>RCC_IRQHandler</STRONG> (Thumb, 0 bytes, Stack size 0 bytes, startup_stm32f401xc.o(.text))
<BR>[Address Reference Count : 1]<UL><LI> startup_stm32f401xc.o(RESET)
</UL>
<P><STRONG><a name="[2e]"></a>RTC_Alarm_IRQHandler</STRONG> (Thumb, 0 bytes, Stack size 0 bytes, startup_stm32f401xc.o(.text))
<BR>[Address Reference Count : 1]<UL><LI> startup_stm32f401xc.o(RESET)
</UL>
<P><STRONG><a name="[d]"></a>RTC_WKUP_IRQHandler</STRONG> (Thumb, 0 bytes, Stack size 0 bytes, startup_stm32f401xc.o(.text))
<BR>[Address Reference Count : 1]<UL><LI> startup_stm32f401xc.o(RESET)
</UL>
<P><STRONG><a name="[31]"></a>SDIO_IRQHandler</STRONG> (Thumb, 0 bytes, Stack size 0 bytes, startup_stm32f401xc.o(.text))
<BR>[Address Reference Count : 1]<UL><LI> startup_stm32f401xc.o(RESET)
</UL>
<P><STRONG><a name="[29]"></a>SPI1_IRQHandler</STRONG> (Thumb, 0 bytes, Stack size 0 bytes, startup_stm32f401xc.o(.text))
<BR>[Address Reference Count : 1]<UL><LI> startup_stm32f401xc.o(RESET)
</UL>
<P><STRONG><a name="[2a]"></a>SPI2_IRQHandler</STRONG> (Thumb, 0 bytes, Stack size 0 bytes, startup_stm32f401xc.o(.text))
<BR>[Address Reference Count : 1]<UL><LI> startup_stm32f401xc.o(RESET)
</UL>
<P><STRONG><a name="[33]"></a>SPI3_IRQHandler</STRONG> (Thumb, 0 bytes, Stack size 0 bytes, startup_stm32f401xc.o(.text))
<BR>[Address Reference Count : 1]<UL><LI> startup_stm32f401xc.o(RESET)
</UL>
<P><STRONG><a name="[41]"></a>SPI4_IRQHandler</STRONG> (Thumb, 0 bytes, Stack size 0 bytes, startup_stm32f401xc.o(.text))
<BR>[Address Reference Count : 1]<UL><LI> startup_stm32f401xc.o(RESET)
</UL>
<P><STRONG><a name="[c]"></a>TAMP_STAMP_IRQHandler</STRONG> (Thumb, 0 bytes, Stack size 0 bytes, startup_stm32f401xc.o(.text))
<BR>[Address Reference Count : 1]<UL><LI> startup_stm32f401xc.o(RESET)
</UL>
<P><STRONG><a name="[1e]"></a>TIM1_BRK_TIM9_IRQHandler</STRONG> (Thumb, 0 bytes, Stack size 0 bytes, startup_stm32f401xc.o(.text))
<BR>[Address Reference Count : 1]<UL><LI> startup_stm32f401xc.o(RESET)
</UL>
<P><STRONG><a name="[21]"></a>TIM1_CC_IRQHandler</STRONG> (Thumb, 0 bytes, Stack size 0 bytes, startup_stm32f401xc.o(.text))
<BR>[Address Reference Count : 1]<UL><LI> startup_stm32f401xc.o(RESET)
</UL>
<P><STRONG><a name="[20]"></a>TIM1_TRG_COM_TIM11_IRQHandler</STRONG> (Thumb, 0 bytes, Stack size 0 bytes, startup_stm32f401xc.o(.text))
<BR>[Address Reference Count : 1]<UL><LI> startup_stm32f401xc.o(RESET)
</UL>
<P><STRONG><a name="[1f]"></a>TIM1_UP_TIM10_IRQHandler</STRONG> (Thumb, 0 bytes, Stack size 0 bytes, startup_stm32f401xc.o(.text))
<BR>[Address Reference Count : 1]<UL><LI> startup_stm32f401xc.o(RESET)
</UL>
<P><STRONG><a name="[22]"></a>TIM2_IRQHandler</STRONG> (Thumb, 0 bytes, Stack size 0 bytes, startup_stm32f401xc.o(.text))
<BR>[Address Reference Count : 1]<UL><LI> startup_stm32f401xc.o(RESET)
</UL>
<P><STRONG><a name="[23]"></a>TIM3_IRQHandler</STRONG> (Thumb, 0 bytes, Stack size 0 bytes, startup_stm32f401xc.o(.text))
<BR>[Address Reference Count : 1]<UL><LI> startup_stm32f401xc.o(RESET)
</UL>
<P><STRONG><a name="[24]"></a>TIM4_IRQHandler</STRONG> (Thumb, 0 bytes, Stack size 0 bytes, startup_stm32f401xc.o(.text))
<BR>[Address Reference Count : 1]<UL><LI> startup_stm32f401xc.o(RESET)
</UL>
<P><STRONG><a name="[32]"></a>TIM5_IRQHandler</STRONG> (Thumb, 0 bytes, Stack size 0 bytes, startup_stm32f401xc.o(.text))
<BR>[Address Reference Count : 1]<UL><LI> startup_stm32f401xc.o(RESET)
</UL>
<P><STRONG><a name="[2b]"></a>USART1_IRQHandler</STRONG> (Thumb, 0 bytes, Stack size 0 bytes, startup_stm32f401xc.o(.text))
<BR>[Address Reference Count : 1]<UL><LI> startup_stm32f401xc.o(RESET)
</UL>
<P><STRONG><a name="[2c]"></a>USART2_IRQHandler</STRONG> (Thumb, 0 bytes, Stack size 0 bytes, startup_stm32f401xc.o(.text))
<BR>[Address Reference Count : 1]<UL><LI> startup_stm32f401xc.o(RESET)
</UL>
<P><STRONG><a name="[3d]"></a>USART6_IRQHandler</STRONG> (Thumb, 0 bytes, Stack size 0 bytes, startup_stm32f401xc.o(.text))
<BR>[Address Reference Count : 1]<UL><LI> startup_stm32f401xc.o(RESET)
</UL>
<P><STRONG><a name="[a]"></a>WWDG_IRQHandler</STRONG> (Thumb, 0 bytes, Stack size 0 bytes, startup_stm32f401xc.o(.text))
<BR>[Address Reference Count : 1]<UL><LI> startup_stm32f401xc.o(RESET)
</UL>
<P><STRONG><a name="[93]"></a>__user_initial_stackheap</STRONG> (Thumb, 0 bytes, Stack size unknown bytes, startup_stm32f401xc.o(.text), UNUSED)

<P><STRONG><a name="[94]"></a>__use_two_region_memory</STRONG> (Thumb, 2 bytes, Stack size 0 bytes, heapauxi.o(.text), UNUSED)

<P><STRONG><a name="[95]"></a>__rt_heap_escrow$2region</STRONG> (Thumb, 2 bytes, Stack size 0 bytes, heapauxi.o(.text), UNUSED)

<P><STRONG><a name="[96]"></a>__rt_heap_expand$2region</STRONG> (Thumb, 2 bytes, Stack size 0 bytes, heapauxi.o(.text), UNUSED)

<P><STRONG><a name="[42]"></a>SystemInit</STRONG> (Thumb, 18 bytes, Stack size 0 bytes, system_stm32f4xx.o(.text.SystemInit))
<BR>[Address Reference Count : 1]<UL><LI> startup_stm32f401xc.o(.text)
</UL>
<P><STRONG><a name="[43]"></a>__main</STRONG> (Thumb, 336 bytes, Stack size 0 bytes, dead.o(MYCODE))
<BR><BR>[Calls]<UL><LI><a href="#[43]">&gt;&gt;</a>&nbsp;&nbsp;&nbsp;__main
<LI><a href="#[8d]">&gt;&gt;</a>&nbsp;&nbsp;&nbsp;BULLET_BG
<LI><a href="#[8c]">&gt;&gt;</a>&nbsp;&nbsp;&nbsp;LOCATION_INIT
<LI><a href="#[88]">&gt;&gt;</a>&nbsp;&nbsp;&nbsp;DRAW_BULLET_CHAR_D
<LI><a href="#[87]">&gt;&gt;</a>&nbsp;&nbsp;&nbsp;START
<LI><a href="#[6e]">&gt;&gt;</a>&nbsp;&nbsp;&nbsp;SETUP
<LI><a href="#[6b]">&gt;&gt;</a>&nbsp;&nbsp;&nbsp;MOVE_BULLET_DOWN
<LI><a href="#[6a]">&gt;&gt;</a>&nbsp;&nbsp;&nbsp;SPAWN_BULLET
<LI><a href="#[67]">&gt;&gt;</a>&nbsp;&nbsp;&nbsp;ADDRESS_SET
<LI><a href="#[65]">&gt;&gt;</a>&nbsp;&nbsp;&nbsp;LCD_16_DATA_WRITE
<LI><a href="#[63]">&gt;&gt;</a>&nbsp;&nbsp;&nbsp;LCD_COMMAND_WRITE
<LI><a href="#[5d]">&gt;&gt;</a>&nbsp;&nbsp;&nbsp;MOVE_RIGHT
<LI><a href="#[5c]">&gt;&gt;</a>&nbsp;&nbsp;&nbsp;MOVE_LEFT
<LI><a href="#[5b]">&gt;&gt;</a>&nbsp;&nbsp;&nbsp;MOVE_UP
<LI><a href="#[5a]">&gt;&gt;</a>&nbsp;&nbsp;&nbsp;MOVE_DOWN
<LI><a href="#[58]">&gt;&gt;</a>&nbsp;&nbsp;&nbsp;COLLISION_W_CHAR_S1
<LI><a href="#[57]">&gt;&gt;</a>&nbsp;&nbsp;&nbsp;COLLISION_W_CHAR
<LI><a href="#[56]">&gt;&gt;</a>&nbsp;&nbsp;&nbsp;INITIALIZE_ARRAYS
<LI><a href="#[55]">&gt;&gt;</a>&nbsp;&nbsp;&nbsp;SPAWN_SPIDER1
<LI><a href="#[49]">&gt;&gt;</a>&nbsp;&nbsp;&nbsp;DRAW_SPIDER1_RIGHT
<LI><a href="#[45]">&gt;&gt;</a>&nbsp;&nbsp;&nbsp;INITIALIZE_SPIDER_VALUES
<LI><a href="#[44]">&gt;&gt;</a>&nbsp;&nbsp;&nbsp;START_SCREEN
</UL>
<BR>[Called By]<UL><LI><a href="#[43]">&gt;&gt;</a>&nbsp;&nbsp;&nbsp;__main
<LI><a href="#[74]">&gt;&gt;</a>&nbsp;&nbsp;&nbsp;NEON_RACERS
</UL>
<BR>[Address Reference Count : 1]<UL><LI> startup_stm32f401xc.o(.text)
</UL>
<P><STRONG><a name="[8e]"></a>DELAY_1_MILLI_SEC</STRONG> (Thumb, 22 bytes, Stack size 0 bytes, dead.o(MYCODE), UNUSED, KEPT)

<P><STRONG><a name="[8f]"></a>DELAY_10_MILLI_SEC</STRONG> (Thumb, 22 bytes, Stack size 0 bytes, dead.o(MYCODE))
<BR><BR>[Called By]<UL><LI><a href="#[74]">&gt;&gt;</a>&nbsp;&nbsp;&nbsp;NEON_RACERS
<LI><a href="#[66]">&gt;&gt;</a>&nbsp;&nbsp;&nbsp;LCD_INIT
</UL>

<P><STRONG><a name="[90]"></a>DELAY_100_MILLI_SEC</STRONG> (Thumb, 22 bytes, Stack size 0 bytes, dead.o(MYCODE), UNUSED, KEPT)

<P><STRONG><a name="[91]"></a>DELAY_1_SEC</STRONG> (Thumb, 22 bytes, Stack size 0 bytes, dead.o(MYCODE))
<BR><BR>[Called By]<UL><LI><a href="#[72]">&gt;&gt;</a>&nbsp;&nbsp;&nbsp;TRAIL_COLLISION
<LI><a href="#[44]">&gt;&gt;</a>&nbsp;&nbsp;&nbsp;START_SCREEN
</UL>

<P><STRONG><a name="[92]"></a>DELAY_10_SEC</STRONG> (Thumb, 22 bytes, Stack size 0 bytes, dead.o(MYCODE), UNUSED, KEPT)
<BR><BR>[Calls]<UL><LI><a href="#[6d]">&gt;&gt;</a>&nbsp;&nbsp;&nbsp;DRAW_RECTANGLE_FILLED
<LI><a href="#[69]">&gt;&gt;</a>&nbsp;&nbsp;&nbsp;DRAW_RECTANGLE_FILLED_A
</UL>
<P>
<H3>
Local Symbols
</H3>
<P><STRONG><a name="[44]"></a>START_SCREEN</STRONG> (Thumb, 308 bytes, Stack size 0 bytes, dead.o(MYCODE))
<BR><BR>[Calls]<UL><LI><a href="#[91]">&gt;&gt;</a>&nbsp;&nbsp;&nbsp;DELAY_1_SEC
<LI><a href="#[69]">&gt;&gt;</a>&nbsp;&nbsp;&nbsp;DRAW_RECTANGLE_FILLED_A
<LI><a href="#[67]">&gt;&gt;</a>&nbsp;&nbsp;&nbsp;ADDRESS_SET
<LI><a href="#[65]">&gt;&gt;</a>&nbsp;&nbsp;&nbsp;LCD_16_DATA_WRITE
<LI><a href="#[63]">&gt;&gt;</a>&nbsp;&nbsp;&nbsp;LCD_COMMAND_WRITE
</UL>
<BR>[Called By]<UL><LI><a href="#[43]">&gt;&gt;</a>&nbsp;&nbsp;&nbsp;__main
</UL>

<P><STRONG><a name="[45]"></a>INITIALIZE_SPIDER_VALUES</STRONG> (Thumb, 92 bytes, Stack size 0 bytes, dead.o(MYCODE))
<BR><BR>[Called By]<UL><LI><a href="#[43]">&gt;&gt;</a>&nbsp;&nbsp;&nbsp;__main
</UL>

<P><STRONG><a name="[46]"></a>DRAW_SPIDER1_LEFT</STRONG> (Thumb, 84 bytes, Stack size 0 bytes, dead.o(MYCODE))
<BR><BR>[Calls]<UL><LI><a href="#[68]">&gt;&gt;</a>&nbsp;&nbsp;&nbsp;DRAWPIXEL
</UL>
<BR>[Called By]<UL><LI><a href="#[4f]">&gt;&gt;</a>&nbsp;&nbsp;&nbsp;MOVE_SPIDER1_LEFT
</UL>

<P><STRONG><a name="[47]"></a>DRAW_SPIDER2_LEFT</STRONG> (Thumb, 84 bytes, Stack size 0 bytes, dead.o(MYCODE))
<BR><BR>[Calls]<UL><LI><a href="#[68]">&gt;&gt;</a>&nbsp;&nbsp;&nbsp;DRAWPIXEL
</UL>
<BR>[Called By]<UL><LI><a href="#[50]">&gt;&gt;</a>&nbsp;&nbsp;&nbsp;MOVE_SPIDER2_LEFT
</UL>

<P><STRONG><a name="[48]"></a>DRAW_SPIDER3_LEFT</STRONG> (Thumb, 84 bytes, Stack size 0 bytes, dead.o(MYCODE))
<BR><BR>[Calls]<UL><LI><a href="#[68]">&gt;&gt;</a>&nbsp;&nbsp;&nbsp;DRAWPIXEL
</UL>
<BR>[Called By]<UL><LI><a href="#[51]">&gt;&gt;</a>&nbsp;&nbsp;&nbsp;MOVE_SPIDER3_LEFT
</UL>

<P><STRONG><a name="[49]"></a>DRAW_SPIDER1_RIGHT</STRONG> (Thumb, 84 bytes, Stack size 0 bytes, dead.o(MYCODE))
<BR><BR>[Calls]<UL><LI><a href="#[68]">&gt;&gt;</a>&nbsp;&nbsp;&nbsp;DRAWPIXEL
</UL>
<BR>[Called By]<UL><LI><a href="#[43]">&gt;&gt;</a>&nbsp;&nbsp;&nbsp;__main
<LI><a href="#[4c]">&gt;&gt;</a>&nbsp;&nbsp;&nbsp;MOVE_SPIDER1_RIGHT
</UL>

<P><STRONG><a name="[4a]"></a>DRAW_SPIDER2_RIGHT</STRONG> (Thumb, 84 bytes, Stack size 0 bytes, dead.o(MYCODE))
<BR><BR>[Calls]<UL><LI><a href="#[68]">&gt;&gt;</a>&nbsp;&nbsp;&nbsp;DRAWPIXEL
</UL>
<BR>[Called By]<UL><LI><a href="#[4d]">&gt;&gt;</a>&nbsp;&nbsp;&nbsp;MOVE_SPIDER2_RIGHT
</UL>

<P><STRONG><a name="[4b]"></a>DRAW_SPIDER3_RIGHT</STRONG> (Thumb, 84 bytes, Stack size 0 bytes, dead.o(MYCODE))
<BR><BR>[Calls]<UL><LI><a href="#[68]">&gt;&gt;</a>&nbsp;&nbsp;&nbsp;DRAWPIXEL
</UL>
<BR>[Called By]<UL><LI><a href="#[4e]">&gt;&gt;</a>&nbsp;&nbsp;&nbsp;MOVE_SPIDER3_RIGHT
</UL>

<P><STRONG><a name="[4c]"></a>MOVE_SPIDER1_RIGHT</STRONG> (Thumb, 26 bytes, Stack size 0 bytes, dead.o(MYCODE))
<BR><BR>[Calls]<UL><LI><a href="#[52]">&gt;&gt;</a>&nbsp;&nbsp;&nbsp;RESET_SPIDER1_BG
<LI><a href="#[49]">&gt;&gt;</a>&nbsp;&nbsp;&nbsp;DRAW_SPIDER1_RIGHT
</UL>
<BR>[Called By]<UL><LI><a href="#[55]">&gt;&gt;</a>&nbsp;&nbsp;&nbsp;SPAWN_SPIDER1
</UL>

<P><STRONG><a name="[4d]"></a>MOVE_SPIDER2_RIGHT</STRONG> (Thumb, 26 bytes, Stack size 0 bytes, dead.o(MYCODE))
<BR><BR>[Calls]<UL><LI><a href="#[53]">&gt;&gt;</a>&nbsp;&nbsp;&nbsp;RESET_SPIDER2_BG
<LI><a href="#[4a]">&gt;&gt;</a>&nbsp;&nbsp;&nbsp;DRAW_SPIDER2_RIGHT
</UL>
<BR>[Called By]<UL><LI><a href="#[55]">&gt;&gt;</a>&nbsp;&nbsp;&nbsp;SPAWN_SPIDER1
</UL>

<P><STRONG><a name="[4e]"></a>MOVE_SPIDER3_RIGHT</STRONG> (Thumb, 26 bytes, Stack size 0 bytes, dead.o(MYCODE))
<BR><BR>[Calls]<UL><LI><a href="#[54]">&gt;&gt;</a>&nbsp;&nbsp;&nbsp;RESET_SPIDER3_BG
<LI><a href="#[4b]">&gt;&gt;</a>&nbsp;&nbsp;&nbsp;DRAW_SPIDER3_RIGHT
</UL>
<BR>[Called By]<UL><LI><a href="#[55]">&gt;&gt;</a>&nbsp;&nbsp;&nbsp;SPAWN_SPIDER1
</UL>

<P><STRONG><a name="[4f]"></a>MOVE_SPIDER1_LEFT</STRONG> (Thumb, 26 bytes, Stack size 0 bytes, dead.o(MYCODE))
<BR><BR>[Calls]<UL><LI><a href="#[52]">&gt;&gt;</a>&nbsp;&nbsp;&nbsp;RESET_SPIDER1_BG
<LI><a href="#[46]">&gt;&gt;</a>&nbsp;&nbsp;&nbsp;DRAW_SPIDER1_LEFT
</UL>
<BR>[Called By]<UL><LI><a href="#[55]">&gt;&gt;</a>&nbsp;&nbsp;&nbsp;SPAWN_SPIDER1
</UL>

<P><STRONG><a name="[50]"></a>MOVE_SPIDER2_LEFT</STRONG> (Thumb, 26 bytes, Stack size 0 bytes, dead.o(MYCODE))
<BR><BR>[Calls]<UL><LI><a href="#[53]">&gt;&gt;</a>&nbsp;&nbsp;&nbsp;RESET_SPIDER2_BG
<LI><a href="#[47]">&gt;&gt;</a>&nbsp;&nbsp;&nbsp;DRAW_SPIDER2_LEFT
</UL>
<BR>[Called By]<UL><LI><a href="#[55]">&gt;&gt;</a>&nbsp;&nbsp;&nbsp;SPAWN_SPIDER1
</UL>

<P><STRONG><a name="[51]"></a>MOVE_SPIDER3_LEFT</STRONG> (Thumb, 26 bytes, Stack size 0 bytes, dead.o(MYCODE))
<BR><BR>[Calls]<UL><LI><a href="#[54]">&gt;&gt;</a>&nbsp;&nbsp;&nbsp;RESET_SPIDER3_BG
<LI><a href="#[48]">&gt;&gt;</a>&nbsp;&nbsp;&nbsp;DRAW_SPIDER3_LEFT
</UL>
<BR>[Called By]<UL><LI><a href="#[55]">&gt;&gt;</a>&nbsp;&nbsp;&nbsp;SPAWN_SPIDER1
</UL>

<P><STRONG><a name="[52]"></a>RESET_SPIDER1_BG</STRONG> (Thumb, 152 bytes, Stack size 0 bytes, dead.o(MYCODE))
<BR><BR>[Calls]<UL><LI><a href="#[5f]">&gt;&gt;</a>&nbsp;&nbsp;&nbsp;DRAW_ROAD
</UL>
<BR>[Called By]<UL><LI><a href="#[4f]">&gt;&gt;</a>&nbsp;&nbsp;&nbsp;MOVE_SPIDER1_LEFT
<LI><a href="#[4c]">&gt;&gt;</a>&nbsp;&nbsp;&nbsp;MOVE_SPIDER1_RIGHT
</UL>

<P><STRONG><a name="[53]"></a>RESET_SPIDER2_BG</STRONG> (Thumb, 200 bytes, Stack size 0 bytes, dead.o(MYCODE))
<BR><BR>[Calls]<UL><LI><a href="#[5f]">&gt;&gt;</a>&nbsp;&nbsp;&nbsp;DRAW_ROAD
</UL>
<BR>[Called By]<UL><LI><a href="#[50]">&gt;&gt;</a>&nbsp;&nbsp;&nbsp;MOVE_SPIDER2_LEFT
<LI><a href="#[4d]">&gt;&gt;</a>&nbsp;&nbsp;&nbsp;MOVE_SPIDER2_RIGHT
</UL>

<P><STRONG><a name="[54]"></a>RESET_SPIDER3_BG</STRONG> (Thumb, 152 bytes, Stack size 0 bytes, dead.o(MYCODE))
<BR><BR>[Calls]<UL><LI><a href="#[5f]">&gt;&gt;</a>&nbsp;&nbsp;&nbsp;DRAW_ROAD
</UL>
<BR>[Called By]<UL><LI><a href="#[51]">&gt;&gt;</a>&nbsp;&nbsp;&nbsp;MOVE_SPIDER3_LEFT
<LI><a href="#[4e]">&gt;&gt;</a>&nbsp;&nbsp;&nbsp;MOVE_SPIDER3_RIGHT
</UL>

<P><STRONG><a name="[55]"></a>SPAWN_SPIDER1</STRONG> (Thumb, 138 bytes, Stack size 0 bytes, dead.o(MYCODE))
<BR><BR>[Calls]<UL><LI><a href="#[51]">&gt;&gt;</a>&nbsp;&nbsp;&nbsp;MOVE_SPIDER3_LEFT
<LI><a href="#[50]">&gt;&gt;</a>&nbsp;&nbsp;&nbsp;MOVE_SPIDER2_LEFT
<LI><a href="#[4f]">&gt;&gt;</a>&nbsp;&nbsp;&nbsp;MOVE_SPIDER1_LEFT
<LI><a href="#[4e]">&gt;&gt;</a>&nbsp;&nbsp;&nbsp;MOVE_SPIDER3_RIGHT
<LI><a href="#[4d]">&gt;&gt;</a>&nbsp;&nbsp;&nbsp;MOVE_SPIDER2_RIGHT
<LI><a href="#[4c]">&gt;&gt;</a>&nbsp;&nbsp;&nbsp;MOVE_SPIDER1_RIGHT
</UL>
<BR>[Called By]<UL><LI><a href="#[43]">&gt;&gt;</a>&nbsp;&nbsp;&nbsp;__main
</UL>

<P><STRONG><a name="[56]"></a>INITIALIZE_ARRAYS</STRONG> (Thumb, 104 bytes, Stack size 0 bytes, dead.o(MYCODE))
<BR><BR>[Called By]<UL><LI><a href="#[43]">&gt;&gt;</a>&nbsp;&nbsp;&nbsp;__main
</UL>

<P><STRONG><a name="[57]"></a>COLLISION_W_CHAR</STRONG> (Thumb, 60 bytes, Stack size 0 bytes, dead.o(MYCODE))
<BR><BR>[Calls]<UL><LI><a href="#[59]">&gt;&gt;</a>&nbsp;&nbsp;&nbsp;GAMEOVER
</UL>
<BR>[Called By]<UL><LI><a href="#[43]">&gt;&gt;</a>&nbsp;&nbsp;&nbsp;__main
</UL>

<P><STRONG><a name="[58]"></a>COLLISION_W_CHAR_S1</STRONG> (Thumb, 102 bytes, Stack size 0 bytes, dead.o(MYCODE))
<BR><BR>[Calls]<UL><LI><a href="#[59]">&gt;&gt;</a>&nbsp;&nbsp;&nbsp;GAMEOVER
</UL>
<BR>[Called By]<UL><LI><a href="#[43]">&gt;&gt;</a>&nbsp;&nbsp;&nbsp;__main
</UL>

<P><STRONG><a name="[59]"></a>GAMEOVER</STRONG> (Thumb, 96 bytes, Stack size 0 bytes, dead.o(MYCODE))
<BR><BR>[Calls]<UL><LI><a href="#[69]">&gt;&gt;</a>&nbsp;&nbsp;&nbsp;DRAW_RECTANGLE_FILLED_A
<LI><a href="#[67]">&gt;&gt;</a>&nbsp;&nbsp;&nbsp;ADDRESS_SET
<LI><a href="#[65]">&gt;&gt;</a>&nbsp;&nbsp;&nbsp;LCD_16_DATA_WRITE
<LI><a href="#[63]">&gt;&gt;</a>&nbsp;&nbsp;&nbsp;LCD_COMMAND_WRITE
</UL>
<BR>[Called By]<UL><LI><a href="#[73]">&gt;&gt;</a>&nbsp;&nbsp;&nbsp;MAIN_CHECK_COLLISION
<LI><a href="#[58]">&gt;&gt;</a>&nbsp;&nbsp;&nbsp;COLLISION_W_CHAR_S1
<LI><a href="#[57]">&gt;&gt;</a>&nbsp;&nbsp;&nbsp;COLLISION_W_CHAR
</UL>

<P><STRONG><a name="[5a]"></a>MOVE_DOWN</STRONG> (Thumb, 120 bytes, Stack size 0 bytes, dead.o(MYCODE))
<BR><BR>[Calls]<UL><LI><a href="#[88]">&gt;&gt;</a>&nbsp;&nbsp;&nbsp;DRAW_BULLET_CHAR_D
<LI><a href="#[5e]">&gt;&gt;</a>&nbsp;&nbsp;&nbsp;RESET_CHAR_BG
</UL>
<BR>[Called By]<UL><LI><a href="#[43]">&gt;&gt;</a>&nbsp;&nbsp;&nbsp;__main
</UL>

<P><STRONG><a name="[5b]"></a>MOVE_UP</STRONG> (Thumb, 118 bytes, Stack size 0 bytes, dead.o(MYCODE))
<BR><BR>[Calls]<UL><LI><a href="#[8b]">&gt;&gt;</a>&nbsp;&nbsp;&nbsp;DRAW_BULLET_CHAR_U
<LI><a href="#[5e]">&gt;&gt;</a>&nbsp;&nbsp;&nbsp;RESET_CHAR_BG
</UL>
<BR>[Called By]<UL><LI><a href="#[43]">&gt;&gt;</a>&nbsp;&nbsp;&nbsp;__main
</UL>

<P><STRONG><a name="[5c]"></a>MOVE_LEFT</STRONG> (Thumb, 106 bytes, Stack size 0 bytes, dead.o(MYCODE))
<BR><BR>[Calls]<UL><LI><a href="#[8a]">&gt;&gt;</a>&nbsp;&nbsp;&nbsp;DRAW_BULLET_CHAR_L
<LI><a href="#[5e]">&gt;&gt;</a>&nbsp;&nbsp;&nbsp;RESET_CHAR_BG
</UL>
<BR>[Called By]<UL><LI><a href="#[43]">&gt;&gt;</a>&nbsp;&nbsp;&nbsp;__main
</UL>

<P><STRONG><a name="[5d]"></a>MOVE_RIGHT</STRONG> (Thumb, 112 bytes, Stack size 0 bytes, dead.o(MYCODE))
<BR><BR>[Calls]<UL><LI><a href="#[89]">&gt;&gt;</a>&nbsp;&nbsp;&nbsp;DRAW_BULLET_CHAR_R
<LI><a href="#[5e]">&gt;&gt;</a>&nbsp;&nbsp;&nbsp;RESET_CHAR_BG
</UL>
<BR>[Called By]<UL><LI><a href="#[43]">&gt;&gt;</a>&nbsp;&nbsp;&nbsp;__main
</UL>

<P><STRONG><a name="[5e]"></a>RESET_CHAR_BG</STRONG> (Thumb, 212 bytes, Stack size 0 bytes, dead.o(MYCODE))
<BR><BR>[Calls]<UL><LI><a href="#[67]">&gt;&gt;</a>&nbsp;&nbsp;&nbsp;ADDRESS_SET
<LI><a href="#[65]">&gt;&gt;</a>&nbsp;&nbsp;&nbsp;LCD_16_DATA_WRITE
<LI><a href="#[63]">&gt;&gt;</a>&nbsp;&nbsp;&nbsp;LCD_COMMAND_WRITE
<LI><a href="#[60]">&gt;&gt;</a>&nbsp;&nbsp;&nbsp;DRAW_TILE
</UL>
<BR>[Called By]<UL><LI><a href="#[6b]">&gt;&gt;</a>&nbsp;&nbsp;&nbsp;MOVE_BULLET_DOWN
<LI><a href="#[5d]">&gt;&gt;</a>&nbsp;&nbsp;&nbsp;MOVE_RIGHT
<LI><a href="#[5c]">&gt;&gt;</a>&nbsp;&nbsp;&nbsp;MOVE_LEFT
<LI><a href="#[5b]">&gt;&gt;</a>&nbsp;&nbsp;&nbsp;MOVE_UP
<LI><a href="#[5a]">&gt;&gt;</a>&nbsp;&nbsp;&nbsp;MOVE_DOWN
</UL>

<P><STRONG><a name="[5f]"></a>DRAW_ROAD</STRONG> (Thumb, 50 bytes, Stack size 0 bytes, dead.o(MYCODE))
<BR><BR>[Calls]<UL><LI><a href="#[67]">&gt;&gt;</a>&nbsp;&nbsp;&nbsp;ADDRESS_SET
<LI><a href="#[65]">&gt;&gt;</a>&nbsp;&nbsp;&nbsp;LCD_16_DATA_WRITE
<LI><a href="#[63]">&gt;&gt;</a>&nbsp;&nbsp;&nbsp;LCD_COMMAND_WRITE
</UL>
<BR>[Called By]<UL><LI><a href="#[54]">&gt;&gt;</a>&nbsp;&nbsp;&nbsp;RESET_SPIDER3_BG
<LI><a href="#[53]">&gt;&gt;</a>&nbsp;&nbsp;&nbsp;RESET_SPIDER2_BG
<LI><a href="#[52]">&gt;&gt;</a>&nbsp;&nbsp;&nbsp;RESET_SPIDER1_BG
</UL>

<P><STRONG><a name="[60]"></a>DRAW_TILE</STRONG> (Thumb, 70 bytes, Stack size 0 bytes, dead.o(MYCODE))
<BR><BR>[Calls]<UL><LI><a href="#[67]">&gt;&gt;</a>&nbsp;&nbsp;&nbsp;ADDRESS_SET
<LI><a href="#[65]">&gt;&gt;</a>&nbsp;&nbsp;&nbsp;LCD_16_DATA_WRITE
<LI><a href="#[63]">&gt;&gt;</a>&nbsp;&nbsp;&nbsp;LCD_COMMAND_WRITE
</UL>
<BR>[Called By]<UL><LI><a href="#[5e]">&gt;&gt;</a>&nbsp;&nbsp;&nbsp;RESET_CHAR_BG
</UL>

<P><STRONG><a name="[61]"></a>LCD_WRITE</STRONG> (Thumb, 44 bytes, Stack size 0 bytes, dead.o(MYCODE))
<BR><BR>[Called By]<UL><LI><a href="#[64]">&gt;&gt;</a>&nbsp;&nbsp;&nbsp;LCD_DATA_WRITE
<LI><a href="#[63]">&gt;&gt;</a>&nbsp;&nbsp;&nbsp;LCD_COMMAND_WRITE
</UL>

<P><STRONG><a name="[62]"></a>LCD_16_WRITE</STRONG> (Thumb, 76 bytes, Stack size 0 bytes, dead.o(MYCODE))
<BR><BR>[Called By]<UL><LI><a href="#[65]">&gt;&gt;</a>&nbsp;&nbsp;&nbsp;LCD_16_DATA_WRITE
</UL>

<P><STRONG><a name="[63]"></a>LCD_COMMAND_WRITE</STRONG> (Thumb, 32 bytes, Stack size 0 bytes, dead.o(MYCODE))
<BR><BR>[Calls]<UL><LI><a href="#[61]">&gt;&gt;</a>&nbsp;&nbsp;&nbsp;LCD_WRITE
</UL>
<BR>[Called By]<UL><LI><a href="#[43]">&gt;&gt;</a>&nbsp;&nbsp;&nbsp;__main
<LI><a href="#[8d]">&gt;&gt;</a>&nbsp;&nbsp;&nbsp;BULLET_BG
<LI><a href="#[86]">&gt;&gt;</a>&nbsp;&nbsp;&nbsp;DRAW_NEON_START
<LI><a href="#[85]">&gt;&gt;</a>&nbsp;&nbsp;&nbsp;DRAW_NEON_TITLE
<LI><a href="#[84]">&gt;&gt;</a>&nbsp;&nbsp;&nbsp;CHECK_INPUT
<LI><a href="#[7f]">&gt;&gt;</a>&nbsp;&nbsp;&nbsp;DRAW_MAIN_CAR_DOWN
<LI><a href="#[7e]">&gt;&gt;</a>&nbsp;&nbsp;&nbsp;DRAW_MAIN_CAR_LEFT
<LI><a href="#[7d]">&gt;&gt;</a>&nbsp;&nbsp;&nbsp;DRAW_MAIN_CAR_RIGHT
<LI><a href="#[7c]">&gt;&gt;</a>&nbsp;&nbsp;&nbsp;DRAW_MAIN_CAR_UP
<LI><a href="#[6c]">&gt;&gt;</a>&nbsp;&nbsp;&nbsp;DRAW_BULLET_RED
<LI><a href="#[69]">&gt;&gt;</a>&nbsp;&nbsp;&nbsp;DRAW_RECTANGLE_FILLED_A
<LI><a href="#[68]">&gt;&gt;</a>&nbsp;&nbsp;&nbsp;DRAWPIXEL
<LI><a href="#[67]">&gt;&gt;</a>&nbsp;&nbsp;&nbsp;ADDRESS_SET
<LI><a href="#[66]">&gt;&gt;</a>&nbsp;&nbsp;&nbsp;LCD_INIT
<LI><a href="#[60]">&gt;&gt;</a>&nbsp;&nbsp;&nbsp;DRAW_TILE
<LI><a href="#[5f]">&gt;&gt;</a>&nbsp;&nbsp;&nbsp;DRAW_ROAD
<LI><a href="#[5e]">&gt;&gt;</a>&nbsp;&nbsp;&nbsp;RESET_CHAR_BG
<LI><a href="#[59]">&gt;&gt;</a>&nbsp;&nbsp;&nbsp;GAMEOVER
<LI><a href="#[44]">&gt;&gt;</a>&nbsp;&nbsp;&nbsp;START_SCREEN
</UL>

<P><STRONG><a name="[64]"></a>LCD_DATA_WRITE</STRONG> (Thumb, 32 bytes, Stack size 0 bytes, dead.o(MYCODE))
<BR><BR>[Calls]<UL><LI><a href="#[61]">&gt;&gt;</a>&nbsp;&nbsp;&nbsp;LCD_WRITE
</UL>
<BR>[Called By]<UL><LI><a href="#[67]">&gt;&gt;</a>&nbsp;&nbsp;&nbsp;ADDRESS_SET
<LI><a href="#[66]">&gt;&gt;</a>&nbsp;&nbsp;&nbsp;LCD_INIT
</UL>

<P><STRONG><a name="[65]"></a>LCD_16_DATA_WRITE</STRONG> (Thumb, 32 bytes, Stack size 0 bytes, dead.o(MYCODE))
<BR><BR>[Calls]<UL><LI><a href="#[62]">&gt;&gt;</a>&nbsp;&nbsp;&nbsp;LCD_16_WRITE
</UL>
<BR>[Called By]<UL><LI><a href="#[43]">&gt;&gt;</a>&nbsp;&nbsp;&nbsp;__main
<LI><a href="#[8d]">&gt;&gt;</a>&nbsp;&nbsp;&nbsp;BULLET_BG
<LI><a href="#[86]">&gt;&gt;</a>&nbsp;&nbsp;&nbsp;DRAW_NEON_START
<LI><a href="#[85]">&gt;&gt;</a>&nbsp;&nbsp;&nbsp;DRAW_NEON_TITLE
<LI><a href="#[84]">&gt;&gt;</a>&nbsp;&nbsp;&nbsp;CHECK_INPUT
<LI><a href="#[7f]">&gt;&gt;</a>&nbsp;&nbsp;&nbsp;DRAW_MAIN_CAR_DOWN
<LI><a href="#[7e]">&gt;&gt;</a>&nbsp;&nbsp;&nbsp;DRAW_MAIN_CAR_LEFT
<LI><a href="#[7d]">&gt;&gt;</a>&nbsp;&nbsp;&nbsp;DRAW_MAIN_CAR_RIGHT
<LI><a href="#[7c]">&gt;&gt;</a>&nbsp;&nbsp;&nbsp;DRAW_MAIN_CAR_UP
<LI><a href="#[6c]">&gt;&gt;</a>&nbsp;&nbsp;&nbsp;DRAW_BULLET_RED
<LI><a href="#[69]">&gt;&gt;</a>&nbsp;&nbsp;&nbsp;DRAW_RECTANGLE_FILLED_A
<LI><a href="#[68]">&gt;&gt;</a>&nbsp;&nbsp;&nbsp;DRAWPIXEL
<LI><a href="#[60]">&gt;&gt;</a>&nbsp;&nbsp;&nbsp;DRAW_TILE
<LI><a href="#[5f]">&gt;&gt;</a>&nbsp;&nbsp;&nbsp;DRAW_ROAD
<LI><a href="#[5e]">&gt;&gt;</a>&nbsp;&nbsp;&nbsp;RESET_CHAR_BG
<LI><a href="#[59]">&gt;&gt;</a>&nbsp;&nbsp;&nbsp;GAMEOVER
<LI><a href="#[44]">&gt;&gt;</a>&nbsp;&nbsp;&nbsp;START_SCREEN
</UL>

<P><STRONG><a name="[66]"></a>LCD_INIT</STRONG> (Thumb, 204 bytes, Stack size 0 bytes, dead.o(MYCODE))
<BR><BR>[Calls]<UL><LI><a href="#[8f]">&gt;&gt;</a>&nbsp;&nbsp;&nbsp;DELAY_10_MILLI_SEC
<LI><a href="#[64]">&gt;&gt;</a>&nbsp;&nbsp;&nbsp;LCD_DATA_WRITE
<LI><a href="#[63]">&gt;&gt;</a>&nbsp;&nbsp;&nbsp;LCD_COMMAND_WRITE
</UL>
<BR>[Called By]<UL><LI><a href="#[6e]">&gt;&gt;</a>&nbsp;&nbsp;&nbsp;SETUP
</UL>

<P><STRONG><a name="[67]"></a>ADDRESS_SET</STRONG> (Thumb, 92 bytes, Stack size 0 bytes, dead.o(MYCODE))
<BR><BR>[Calls]<UL><LI><a href="#[64]">&gt;&gt;</a>&nbsp;&nbsp;&nbsp;LCD_DATA_WRITE
<LI><a href="#[63]">&gt;&gt;</a>&nbsp;&nbsp;&nbsp;LCD_COMMAND_WRITE
</UL>
<BR>[Called By]<UL><LI><a href="#[43]">&gt;&gt;</a>&nbsp;&nbsp;&nbsp;__main
<LI><a href="#[8d]">&gt;&gt;</a>&nbsp;&nbsp;&nbsp;BULLET_BG
<LI><a href="#[86]">&gt;&gt;</a>&nbsp;&nbsp;&nbsp;DRAW_NEON_START
<LI><a href="#[85]">&gt;&gt;</a>&nbsp;&nbsp;&nbsp;DRAW_NEON_TITLE
<LI><a href="#[84]">&gt;&gt;</a>&nbsp;&nbsp;&nbsp;CHECK_INPUT
<LI><a href="#[7f]">&gt;&gt;</a>&nbsp;&nbsp;&nbsp;DRAW_MAIN_CAR_DOWN
<LI><a href="#[7e]">&gt;&gt;</a>&nbsp;&nbsp;&nbsp;DRAW_MAIN_CAR_LEFT
<LI><a href="#[7d]">&gt;&gt;</a>&nbsp;&nbsp;&nbsp;DRAW_MAIN_CAR_RIGHT
<LI><a href="#[7c]">&gt;&gt;</a>&nbsp;&nbsp;&nbsp;DRAW_MAIN_CAR_UP
<LI><a href="#[6c]">&gt;&gt;</a>&nbsp;&nbsp;&nbsp;DRAW_BULLET_RED
<LI><a href="#[69]">&gt;&gt;</a>&nbsp;&nbsp;&nbsp;DRAW_RECTANGLE_FILLED_A
<LI><a href="#[68]">&gt;&gt;</a>&nbsp;&nbsp;&nbsp;DRAWPIXEL
<LI><a href="#[60]">&gt;&gt;</a>&nbsp;&nbsp;&nbsp;DRAW_TILE
<LI><a href="#[5f]">&gt;&gt;</a>&nbsp;&nbsp;&nbsp;DRAW_ROAD
<LI><a href="#[5e]">&gt;&gt;</a>&nbsp;&nbsp;&nbsp;RESET_CHAR_BG
<LI><a href="#[59]">&gt;&gt;</a>&nbsp;&nbsp;&nbsp;GAMEOVER
<LI><a href="#[44]">&gt;&gt;</a>&nbsp;&nbsp;&nbsp;START_SCREEN
</UL>

<P><STRONG><a name="[68]"></a>DRAWPIXEL</STRONG> (Thumb, 50 bytes, Stack size 0 bytes, dead.o(MYCODE))
<BR><BR>[Calls]<UL><LI><a href="#[67]">&gt;&gt;</a>&nbsp;&nbsp;&nbsp;ADDRESS_SET
<LI><a href="#[65]">&gt;&gt;</a>&nbsp;&nbsp;&nbsp;LCD_16_DATA_WRITE
<LI><a href="#[63]">&gt;&gt;</a>&nbsp;&nbsp;&nbsp;LCD_COMMAND_WRITE
</UL>
<BR>[Called By]<UL><LI><a href="#[8b]">&gt;&gt;</a>&nbsp;&nbsp;&nbsp;DRAW_BULLET_CHAR_U
<LI><a href="#[8a]">&gt;&gt;</a>&nbsp;&nbsp;&nbsp;DRAW_BULLET_CHAR_L
<LI><a href="#[89]">&gt;&gt;</a>&nbsp;&nbsp;&nbsp;DRAW_BULLET_CHAR_R
<LI><a href="#[88]">&gt;&gt;</a>&nbsp;&nbsp;&nbsp;DRAW_BULLET_CHAR_D
<LI><a href="#[6d]">&gt;&gt;</a>&nbsp;&nbsp;&nbsp;DRAW_RECTANGLE_FILLED
<LI><a href="#[4b]">&gt;&gt;</a>&nbsp;&nbsp;&nbsp;DRAW_SPIDER3_RIGHT
<LI><a href="#[4a]">&gt;&gt;</a>&nbsp;&nbsp;&nbsp;DRAW_SPIDER2_RIGHT
<LI><a href="#[49]">&gt;&gt;</a>&nbsp;&nbsp;&nbsp;DRAW_SPIDER1_RIGHT
<LI><a href="#[48]">&gt;&gt;</a>&nbsp;&nbsp;&nbsp;DRAW_SPIDER3_LEFT
<LI><a href="#[47]">&gt;&gt;</a>&nbsp;&nbsp;&nbsp;DRAW_SPIDER2_LEFT
<LI><a href="#[46]">&gt;&gt;</a>&nbsp;&nbsp;&nbsp;DRAW_SPIDER1_LEFT
</UL>

<P><STRONG><a name="[69]"></a>DRAW_RECTANGLE_FILLED_A</STRONG> (Thumb, 58 bytes, Stack size 0 bytes, dead.o(MYCODE))
<BR><BR>[Calls]<UL><LI><a href="#[67]">&gt;&gt;</a>&nbsp;&nbsp;&nbsp;ADDRESS_SET
<LI><a href="#[65]">&gt;&gt;</a>&nbsp;&nbsp;&nbsp;LCD_16_DATA_WRITE
<LI><a href="#[63]">&gt;&gt;</a>&nbsp;&nbsp;&nbsp;LCD_COMMAND_WRITE
</UL>
<BR>[Called By]<UL><LI><a href="#[92]">&gt;&gt;</a>&nbsp;&nbsp;&nbsp;DELAY_10_SEC
<LI><a href="#[78]">&gt;&gt;</a>&nbsp;&nbsp;&nbsp;DRAW_BACKGROUND
<LI><a href="#[6f]">&gt;&gt;</a>&nbsp;&nbsp;&nbsp;DRAW_NEON
<LI><a href="#[59]">&gt;&gt;</a>&nbsp;&nbsp;&nbsp;GAMEOVER
<LI><a href="#[44]">&gt;&gt;</a>&nbsp;&nbsp;&nbsp;START_SCREEN
</UL>

<P><STRONG><a name="[6a]"></a>SPAWN_BULLET</STRONG> (Thumb, 34 bytes, Stack size 0 bytes, dead.o(MYCODE))
<BR><BR>[Calls]<UL><LI><a href="#[6c]">&gt;&gt;</a>&nbsp;&nbsp;&nbsp;DRAW_BULLET_RED
</UL>
<BR>[Called By]<UL><LI><a href="#[43]">&gt;&gt;</a>&nbsp;&nbsp;&nbsp;__main
</UL>

<P><STRONG><a name="[6b]"></a>MOVE_BULLET_DOWN</STRONG> (Thumb, 98 bytes, Stack size 0 bytes, dead.o(MYCODE))
<BR><BR>[Calls]<UL><LI><a href="#[6c]">&gt;&gt;</a>&nbsp;&nbsp;&nbsp;DRAW_BULLET_RED
<LI><a href="#[5e]">&gt;&gt;</a>&nbsp;&nbsp;&nbsp;RESET_CHAR_BG
</UL>
<BR>[Called By]<UL><LI><a href="#[43]">&gt;&gt;</a>&nbsp;&nbsp;&nbsp;__main
</UL>

<P><STRONG><a name="[6c]"></a>DRAW_BULLET_RED</STRONG> (Thumb, 46 bytes, Stack size 0 bytes, dead.o(MYCODE))
<BR><BR>[Calls]<UL><LI><a href="#[67]">&gt;&gt;</a>&nbsp;&nbsp;&nbsp;ADDRESS_SET
<LI><a href="#[65]">&gt;&gt;</a>&nbsp;&nbsp;&nbsp;LCD_16_DATA_WRITE
<LI><a href="#[63]">&gt;&gt;</a>&nbsp;&nbsp;&nbsp;LCD_COMMAND_WRITE
</UL>
<BR>[Called By]<UL><LI><a href="#[6b]">&gt;&gt;</a>&nbsp;&nbsp;&nbsp;MOVE_BULLET_DOWN
<LI><a href="#[6a]">&gt;&gt;</a>&nbsp;&nbsp;&nbsp;SPAWN_BULLET
</UL>

<P><STRONG><a name="[6d]"></a>DRAW_RECTANGLE_FILLED</STRONG> (Thumb, 32 bytes, Stack size 0 bytes, dead.o(MYCODE))
<BR><BR>[Calls]<UL><LI><a href="#[68]">&gt;&gt;</a>&nbsp;&nbsp;&nbsp;DRAWPIXEL
</UL>
<BR>[Called By]<UL><LI><a href="#[92]">&gt;&gt;</a>&nbsp;&nbsp;&nbsp;DELAY_10_SEC
<LI><a href="#[83]">&gt;&gt;</a>&nbsp;&nbsp;&nbsp;DRAW_TRAIL_UP
<LI><a href="#[82]">&gt;&gt;</a>&nbsp;&nbsp;&nbsp;DRAW_TRAIL_LEFT
<LI><a href="#[81]">&gt;&gt;</a>&nbsp;&nbsp;&nbsp;DRAW_TRAIL_DOWN
<LI><a href="#[80]">&gt;&gt;</a>&nbsp;&nbsp;&nbsp;DRAW_TRAIL_RIGHT
<LI><a href="#[7b]">&gt;&gt;</a>&nbsp;&nbsp;&nbsp;MOVE_COMP_CAR_DOWN
<LI><a href="#[7a]">&gt;&gt;</a>&nbsp;&nbsp;&nbsp;MOVE_COMP_CAR_LEFT
<LI><a href="#[79]">&gt;&gt;</a>&nbsp;&nbsp;&nbsp;MOVE_COMP_CAR_RIGHT
<LI><a href="#[77]">&gt;&gt;</a>&nbsp;&nbsp;&nbsp;MOVE_MAIN_CAR_DOWN
<LI><a href="#[76]">&gt;&gt;</a>&nbsp;&nbsp;&nbsp;MOVE_MAIN_CAR_LEFT
<LI><a href="#[75]">&gt;&gt;</a>&nbsp;&nbsp;&nbsp;MOVE_MAIN_CAR_RIGHT
<LI><a href="#[71]">&gt;&gt;</a>&nbsp;&nbsp;&nbsp;MOVE_MAIN_CAR_UP
<LI><a href="#[70]">&gt;&gt;</a>&nbsp;&nbsp;&nbsp;MOVE_COMP_CAR_UP
</UL>

<P><STRONG><a name="[6e]"></a>SETUP</STRONG> (Thumb, 226 bytes, Stack size 0 bytes, dead.o(MYCODE))
<BR><BR>[Calls]<UL><LI><a href="#[66]">&gt;&gt;</a>&nbsp;&nbsp;&nbsp;LCD_INIT
</UL>
<BR>[Called By]<UL><LI><a href="#[43]">&gt;&gt;</a>&nbsp;&nbsp;&nbsp;__main
</UL>

<P><STRONG><a name="[6f]"></a>DRAW_NEON</STRONG> (Thumb, 78 bytes, Stack size 0 bytes, dead.o(MYCODE))
<BR><BR>[Calls]<UL><LI><a href="#[86]">&gt;&gt;</a>&nbsp;&nbsp;&nbsp;DRAW_NEON_START
<LI><a href="#[85]">&gt;&gt;</a>&nbsp;&nbsp;&nbsp;DRAW_NEON_TITLE
<LI><a href="#[74]">&gt;&gt;</a>&nbsp;&nbsp;&nbsp;NEON_RACERS
<LI><a href="#[69]">&gt;&gt;</a>&nbsp;&nbsp;&nbsp;DRAW_RECTANGLE_FILLED_A
</UL>
<BR>[Called By]<UL><LI><a href="#[87]">&gt;&gt;</a>&nbsp;&nbsp;&nbsp;START
</UL>

<P><STRONG><a name="[70]"></a>MOVE_COMP_CAR_UP</STRONG> (Thumb, 118 bytes, Stack size 0 bytes, dead.o(MYCODE))
<BR><BR>[Calls]<UL><LI><a href="#[83]">&gt;&gt;</a>&nbsp;&nbsp;&nbsp;DRAW_TRAIL_UP
<LI><a href="#[7c]">&gt;&gt;</a>&nbsp;&nbsp;&nbsp;DRAW_MAIN_CAR_UP
<LI><a href="#[6d]">&gt;&gt;</a>&nbsp;&nbsp;&nbsp;DRAW_RECTANGLE_FILLED
</UL>
<BR>[Called By]<UL><LI><a href="#[74]">&gt;&gt;</a>&nbsp;&nbsp;&nbsp;NEON_RACERS
</UL>

<P><STRONG><a name="[71]"></a>MOVE_MAIN_CAR_UP</STRONG> (Thumb, 110 bytes, Stack size 0 bytes, dead.o(MYCODE))
<BR><BR>[Calls]<UL><LI><a href="#[83]">&gt;&gt;</a>&nbsp;&nbsp;&nbsp;DRAW_TRAIL_UP
<LI><a href="#[7c]">&gt;&gt;</a>&nbsp;&nbsp;&nbsp;DRAW_MAIN_CAR_UP
<LI><a href="#[6d]">&gt;&gt;</a>&nbsp;&nbsp;&nbsp;DRAW_RECTANGLE_FILLED
</UL>
<BR>[Called By]<UL><LI><a href="#[74]">&gt;&gt;</a>&nbsp;&nbsp;&nbsp;NEON_RACERS
</UL>

<P><STRONG><a name="[72]"></a>TRAIL_COLLISION</STRONG> (Thumb, 472 bytes, Stack size 0 bytes, dead.o(MYCODE))
<BR><BR>[Calls]<UL><LI><a href="#[91]">&gt;&gt;</a>&nbsp;&nbsp;&nbsp;DELAY_1_SEC
</UL>
<BR>[Called By]<UL><LI><a href="#[74]">&gt;&gt;</a>&nbsp;&nbsp;&nbsp;NEON_RACERS
</UL>

<P><STRONG><a name="[73]"></a>MAIN_CHECK_COLLISION</STRONG> (Thumb, 26 bytes, Stack size 0 bytes, dead.o(MYCODE))
<BR><BR>[Calls]<UL><LI><a href="#[59]">&gt;&gt;</a>&nbsp;&nbsp;&nbsp;GAMEOVER
</UL>
<BR>[Called By]<UL><LI><a href="#[74]">&gt;&gt;</a>&nbsp;&nbsp;&nbsp;NEON_RACERS
</UL>

<P><STRONG><a name="[74]"></a>NEON_RACERS</STRONG> (Thumb, 286 bytes, Stack size 0 bytes, dead.o(MYCODE))
<BR><BR>[Calls]<UL><LI><a href="#[8f]">&gt;&gt;</a>&nbsp;&nbsp;&nbsp;DELAY_10_MILLI_SEC
<LI><a href="#[43]">&gt;&gt;</a>&nbsp;&nbsp;&nbsp;__main
<LI><a href="#[84]">&gt;&gt;</a>&nbsp;&nbsp;&nbsp;CHECK_INPUT
<LI><a href="#[7e]">&gt;&gt;</a>&nbsp;&nbsp;&nbsp;DRAW_MAIN_CAR_LEFT
<LI><a href="#[7d]">&gt;&gt;</a>&nbsp;&nbsp;&nbsp;DRAW_MAIN_CAR_RIGHT
<LI><a href="#[7b]">&gt;&gt;</a>&nbsp;&nbsp;&nbsp;MOVE_COMP_CAR_DOWN
<LI><a href="#[7a]">&gt;&gt;</a>&nbsp;&nbsp;&nbsp;MOVE_COMP_CAR_LEFT
<LI><a href="#[79]">&gt;&gt;</a>&nbsp;&nbsp;&nbsp;MOVE_COMP_CAR_RIGHT
<LI><a href="#[78]">&gt;&gt;</a>&nbsp;&nbsp;&nbsp;DRAW_BACKGROUND
<LI><a href="#[77]">&gt;&gt;</a>&nbsp;&nbsp;&nbsp;MOVE_MAIN_CAR_DOWN
<LI><a href="#[76]">&gt;&gt;</a>&nbsp;&nbsp;&nbsp;MOVE_MAIN_CAR_LEFT
<LI><a href="#[75]">&gt;&gt;</a>&nbsp;&nbsp;&nbsp;MOVE_MAIN_CAR_RIGHT
<LI><a href="#[73]">&gt;&gt;</a>&nbsp;&nbsp;&nbsp;MAIN_CHECK_COLLISION
<LI><a href="#[72]">&gt;&gt;</a>&nbsp;&nbsp;&nbsp;TRAIL_COLLISION
<LI><a href="#[71]">&gt;&gt;</a>&nbsp;&nbsp;&nbsp;MOVE_MAIN_CAR_UP
<LI><a href="#[70]">&gt;&gt;</a>&nbsp;&nbsp;&nbsp;MOVE_COMP_CAR_UP
</UL>
<BR>[Called By]<UL><LI><a href="#[6f]">&gt;&gt;</a>&nbsp;&nbsp;&nbsp;DRAW_NEON
</UL>

<P><STRONG><a name="[75]"></a>MOVE_MAIN_CAR_RIGHT</STRONG> (Thumb, 122 bytes, Stack size 0 bytes, dead.o(MYCODE))
<BR><BR>[Calls]<UL><LI><a href="#[80]">&gt;&gt;</a>&nbsp;&nbsp;&nbsp;DRAW_TRAIL_RIGHT
<LI><a href="#[7d]">&gt;&gt;</a>&nbsp;&nbsp;&nbsp;DRAW_MAIN_CAR_RIGHT
<LI><a href="#[6d]">&gt;&gt;</a>&nbsp;&nbsp;&nbsp;DRAW_RECTANGLE_FILLED
</UL>
<BR>[Called By]<UL><LI><a href="#[74]">&gt;&gt;</a>&nbsp;&nbsp;&nbsp;NEON_RACERS
</UL>

<P><STRONG><a name="[76]"></a>MOVE_MAIN_CAR_LEFT</STRONG> (Thumb, 100 bytes, Stack size 0 bytes, dead.o(MYCODE))
<BR><BR>[Calls]<UL><LI><a href="#[82]">&gt;&gt;</a>&nbsp;&nbsp;&nbsp;DRAW_TRAIL_LEFT
<LI><a href="#[7e]">&gt;&gt;</a>&nbsp;&nbsp;&nbsp;DRAW_MAIN_CAR_LEFT
<LI><a href="#[6d]">&gt;&gt;</a>&nbsp;&nbsp;&nbsp;DRAW_RECTANGLE_FILLED
</UL>
<BR>[Called By]<UL><LI><a href="#[74]">&gt;&gt;</a>&nbsp;&nbsp;&nbsp;NEON_RACERS
</UL>

<P><STRONG><a name="[77]"></a>MOVE_MAIN_CAR_DOWN</STRONG> (Thumb, 110 bytes, Stack size 0 bytes, dead.o(MYCODE))
<BR><BR>[Calls]<UL><LI><a href="#[81]">&gt;&gt;</a>&nbsp;&nbsp;&nbsp;DRAW_TRAIL_DOWN
<LI><a href="#[7f]">&gt;&gt;</a>&nbsp;&nbsp;&nbsp;DRAW_MAIN_CAR_DOWN
<LI><a href="#[6d]">&gt;&gt;</a>&nbsp;&nbsp;&nbsp;DRAW_RECTANGLE_FILLED
</UL>
<BR>[Called By]<UL><LI><a href="#[74]">&gt;&gt;</a>&nbsp;&nbsp;&nbsp;NEON_RACERS
</UL>

<P><STRONG><a name="[78]"></a>DRAW_BACKGROUND</STRONG> (Thumb, 32 bytes, Stack size 0 bytes, dead.o(MYCODE))
<BR><BR>[Calls]<UL><LI><a href="#[69]">&gt;&gt;</a>&nbsp;&nbsp;&nbsp;DRAW_RECTANGLE_FILLED_A
</UL>
<BR>[Called By]<UL><LI><a href="#[74]">&gt;&gt;</a>&nbsp;&nbsp;&nbsp;NEON_RACERS
</UL>

<P><STRONG><a name="[79]"></a>MOVE_COMP_CAR_RIGHT</STRONG> (Thumb, 112 bytes, Stack size 0 bytes, dead.o(MYCODE))
<BR><BR>[Calls]<UL><LI><a href="#[80]">&gt;&gt;</a>&nbsp;&nbsp;&nbsp;DRAW_TRAIL_RIGHT
<LI><a href="#[7d]">&gt;&gt;</a>&nbsp;&nbsp;&nbsp;DRAW_MAIN_CAR_RIGHT
<LI><a href="#[6d]">&gt;&gt;</a>&nbsp;&nbsp;&nbsp;DRAW_RECTANGLE_FILLED
</UL>
<BR>[Called By]<UL><LI><a href="#[74]">&gt;&gt;</a>&nbsp;&nbsp;&nbsp;NEON_RACERS
</UL>

<P><STRONG><a name="[7a]"></a>MOVE_COMP_CAR_LEFT</STRONG> (Thumb, 108 bytes, Stack size 0 bytes, dead.o(MYCODE))
<BR><BR>[Calls]<UL><LI><a href="#[82]">&gt;&gt;</a>&nbsp;&nbsp;&nbsp;DRAW_TRAIL_LEFT
<LI><a href="#[7e]">&gt;&gt;</a>&nbsp;&nbsp;&nbsp;DRAW_MAIN_CAR_LEFT
<LI><a href="#[6d]">&gt;&gt;</a>&nbsp;&nbsp;&nbsp;DRAW_RECTANGLE_FILLED
</UL>
<BR>[Called By]<UL><LI><a href="#[74]">&gt;&gt;</a>&nbsp;&nbsp;&nbsp;NEON_RACERS
</UL>

<P><STRONG><a name="[7b]"></a>MOVE_COMP_CAR_DOWN</STRONG> (Thumb, 118 bytes, Stack size 0 bytes, dead.o(MYCODE))
<BR><BR>[Calls]<UL><LI><a href="#[81]">&gt;&gt;</a>&nbsp;&nbsp;&nbsp;DRAW_TRAIL_DOWN
<LI><a href="#[7f]">&gt;&gt;</a>&nbsp;&nbsp;&nbsp;DRAW_MAIN_CAR_DOWN
<LI><a href="#[6d]">&gt;&gt;</a>&nbsp;&nbsp;&nbsp;DRAW_RECTANGLE_FILLED
</UL>
<BR>[Called By]<UL><LI><a href="#[74]">&gt;&gt;</a>&nbsp;&nbsp;&nbsp;NEON_RACERS
</UL>

<P><STRONG><a name="[7c]"></a>DRAW_MAIN_CAR_UP</STRONG> (Thumb, 112 bytes, Stack size 0 bytes, dead.o(MYCODE))
<BR><BR>[Calls]<UL><LI><a href="#[67]">&gt;&gt;</a>&nbsp;&nbsp;&nbsp;ADDRESS_SET
<LI><a href="#[65]">&gt;&gt;</a>&nbsp;&nbsp;&nbsp;LCD_16_DATA_WRITE
<LI><a href="#[63]">&gt;&gt;</a>&nbsp;&nbsp;&nbsp;LCD_COMMAND_WRITE
</UL>
<BR>[Called By]<UL><LI><a href="#[71]">&gt;&gt;</a>&nbsp;&nbsp;&nbsp;MOVE_MAIN_CAR_UP
<LI><a href="#[70]">&gt;&gt;</a>&nbsp;&nbsp;&nbsp;MOVE_COMP_CAR_UP
</UL>

<P><STRONG><a name="[7d]"></a>DRAW_MAIN_CAR_RIGHT</STRONG> (Thumb, 104 bytes, Stack size 0 bytes, dead.o(MYCODE))
<BR><BR>[Calls]<UL><LI><a href="#[7e]">&gt;&gt;</a>&nbsp;&nbsp;&nbsp;DRAW_MAIN_CAR_LEFT
<LI><a href="#[67]">&gt;&gt;</a>&nbsp;&nbsp;&nbsp;ADDRESS_SET
<LI><a href="#[65]">&gt;&gt;</a>&nbsp;&nbsp;&nbsp;LCD_16_DATA_WRITE
<LI><a href="#[63]">&gt;&gt;</a>&nbsp;&nbsp;&nbsp;LCD_COMMAND_WRITE
</UL>
<BR>[Called By]<UL><LI><a href="#[79]">&gt;&gt;</a>&nbsp;&nbsp;&nbsp;MOVE_COMP_CAR_RIGHT
<LI><a href="#[75]">&gt;&gt;</a>&nbsp;&nbsp;&nbsp;MOVE_MAIN_CAR_RIGHT
<LI><a href="#[74]">&gt;&gt;</a>&nbsp;&nbsp;&nbsp;NEON_RACERS
</UL>

<P><STRONG><a name="[7e]"></a>DRAW_MAIN_CAR_LEFT</STRONG> (Thumb, 78 bytes, Stack size 0 bytes, dead.o(MYCODE))
<BR><BR>[Calls]<UL><LI><a href="#[67]">&gt;&gt;</a>&nbsp;&nbsp;&nbsp;ADDRESS_SET
<LI><a href="#[65]">&gt;&gt;</a>&nbsp;&nbsp;&nbsp;LCD_16_DATA_WRITE
<LI><a href="#[63]">&gt;&gt;</a>&nbsp;&nbsp;&nbsp;LCD_COMMAND_WRITE
</UL>
<BR>[Called By]<UL><LI><a href="#[7d]">&gt;&gt;</a>&nbsp;&nbsp;&nbsp;DRAW_MAIN_CAR_RIGHT
<LI><a href="#[7a]">&gt;&gt;</a>&nbsp;&nbsp;&nbsp;MOVE_COMP_CAR_LEFT
<LI><a href="#[76]">&gt;&gt;</a>&nbsp;&nbsp;&nbsp;MOVE_MAIN_CAR_LEFT
<LI><a href="#[74]">&gt;&gt;</a>&nbsp;&nbsp;&nbsp;NEON_RACERS
</UL>

<P><STRONG><a name="[7f]"></a>DRAW_MAIN_CAR_DOWN</STRONG> (Thumb, 78 bytes, Stack size 0 bytes, dead.o(MYCODE))
<BR><BR>[Calls]<UL><LI><a href="#[67]">&gt;&gt;</a>&nbsp;&nbsp;&nbsp;ADDRESS_SET
<LI><a href="#[65]">&gt;&gt;</a>&nbsp;&nbsp;&nbsp;LCD_16_DATA_WRITE
<LI><a href="#[63]">&gt;&gt;</a>&nbsp;&nbsp;&nbsp;LCD_COMMAND_WRITE
</UL>
<BR>[Called By]<UL><LI><a href="#[7b]">&gt;&gt;</a>&nbsp;&nbsp;&nbsp;MOVE_COMP_CAR_DOWN
<LI><a href="#[77]">&gt;&gt;</a>&nbsp;&nbsp;&nbsp;MOVE_MAIN_CAR_DOWN
</UL>

<P><STRONG><a name="[80]"></a>DRAW_TRAIL_RIGHT</STRONG> (Thumb, 106 bytes, Stack size 0 bytes, dead.o(MYCODE))
<BR><BR>[Calls]<UL><LI><a href="#[6d]">&gt;&gt;</a>&nbsp;&nbsp;&nbsp;DRAW_RECTANGLE_FILLED
</UL>
<BR>[Called By]<UL><LI><a href="#[79]">&gt;&gt;</a>&nbsp;&nbsp;&nbsp;MOVE_COMP_CAR_RIGHT
<LI><a href="#[75]">&gt;&gt;</a>&nbsp;&nbsp;&nbsp;MOVE_MAIN_CAR_RIGHT
</UL>

<P><STRONG><a name="[81]"></a>DRAW_TRAIL_DOWN</STRONG> (Thumb, 106 bytes, Stack size 0 bytes, dead.o(MYCODE))
<BR><BR>[Calls]<UL><LI><a href="#[6d]">&gt;&gt;</a>&nbsp;&nbsp;&nbsp;DRAW_RECTANGLE_FILLED
</UL>
<BR>[Called By]<UL><LI><a href="#[7b]">&gt;&gt;</a>&nbsp;&nbsp;&nbsp;MOVE_COMP_CAR_DOWN
<LI><a href="#[77]">&gt;&gt;</a>&nbsp;&nbsp;&nbsp;MOVE_MAIN_CAR_DOWN
</UL>

<P><STRONG><a name="[82]"></a>DRAW_TRAIL_LEFT</STRONG> (Thumb, 110 bytes, Stack size 0 bytes, dead.o(MYCODE))
<BR><BR>[Calls]<UL><LI><a href="#[6d]">&gt;&gt;</a>&nbsp;&nbsp;&nbsp;DRAW_RECTANGLE_FILLED
</UL>
<BR>[Called By]<UL><LI><a href="#[7a]">&gt;&gt;</a>&nbsp;&nbsp;&nbsp;MOVE_COMP_CAR_LEFT
<LI><a href="#[76]">&gt;&gt;</a>&nbsp;&nbsp;&nbsp;MOVE_MAIN_CAR_LEFT
</UL>

<P><STRONG><a name="[83]"></a>DRAW_TRAIL_UP</STRONG> (Thumb, 110 bytes, Stack size 0 bytes, dead.o(MYCODE))
<BR><BR>[Calls]<UL><LI><a href="#[6d]">&gt;&gt;</a>&nbsp;&nbsp;&nbsp;DRAW_RECTANGLE_FILLED
</UL>
<BR>[Called By]<UL><LI><a href="#[71]">&gt;&gt;</a>&nbsp;&nbsp;&nbsp;MOVE_MAIN_CAR_UP
<LI><a href="#[70]">&gt;&gt;</a>&nbsp;&nbsp;&nbsp;MOVE_COMP_CAR_UP
</UL>

<P><STRONG><a name="[84]"></a>CHECK_INPUT</STRONG> (Thumb, 436 bytes, Stack size 0 bytes, dead.o(MYCODE))
<BR><BR>[Calls]<UL><LI><a href="#[67]">&gt;&gt;</a>&nbsp;&nbsp;&nbsp;ADDRESS_SET
<LI><a href="#[65]">&gt;&gt;</a>&nbsp;&nbsp;&nbsp;LCD_16_DATA_WRITE
<LI><a href="#[63]">&gt;&gt;</a>&nbsp;&nbsp;&nbsp;LCD_COMMAND_WRITE
</UL>
<BR>[Called By]<UL><LI><a href="#[74]">&gt;&gt;</a>&nbsp;&nbsp;&nbsp;NEON_RACERS
</UL>

<P><STRONG><a name="[85]"></a>DRAW_NEON_TITLE</STRONG> (Thumb, 50 bytes, Stack size 0 bytes, dead.o(MYCODE))
<BR><BR>[Calls]<UL><LI><a href="#[67]">&gt;&gt;</a>&nbsp;&nbsp;&nbsp;ADDRESS_SET
<LI><a href="#[65]">&gt;&gt;</a>&nbsp;&nbsp;&nbsp;LCD_16_DATA_WRITE
<LI><a href="#[63]">&gt;&gt;</a>&nbsp;&nbsp;&nbsp;LCD_COMMAND_WRITE
</UL>
<BR>[Called By]<UL><LI><a href="#[6f]">&gt;&gt;</a>&nbsp;&nbsp;&nbsp;DRAW_NEON
</UL>

<P><STRONG><a name="[86]"></a>DRAW_NEON_START</STRONG> (Thumb, 50 bytes, Stack size 0 bytes, dead.o(MYCODE))
<BR><BR>[Calls]<UL><LI><a href="#[67]">&gt;&gt;</a>&nbsp;&nbsp;&nbsp;ADDRESS_SET
<LI><a href="#[65]">&gt;&gt;</a>&nbsp;&nbsp;&nbsp;LCD_16_DATA_WRITE
<LI><a href="#[63]">&gt;&gt;</a>&nbsp;&nbsp;&nbsp;LCD_COMMAND_WRITE
</UL>
<BR>[Called By]<UL><LI><a href="#[6f]">&gt;&gt;</a>&nbsp;&nbsp;&nbsp;DRAW_NEON
</UL>

<P><STRONG><a name="[87]"></a>START</STRONG> (Thumb, 60 bytes, Stack size 0 bytes, dead.o(MYCODE))
<BR><BR>[Calls]<UL><LI><a href="#[6f]">&gt;&gt;</a>&nbsp;&nbsp;&nbsp;DRAW_NEON
</UL>
<BR>[Called By]<UL><LI><a href="#[43]">&gt;&gt;</a>&nbsp;&nbsp;&nbsp;__main
</UL>

<P><STRONG><a name="[88]"></a>DRAW_BULLET_CHAR_D</STRONG> (Thumb, 84 bytes, Stack size 0 bytes, dead.o(MYCODE))
<BR><BR>[Calls]<UL><LI><a href="#[68]">&gt;&gt;</a>&nbsp;&nbsp;&nbsp;DRAWPIXEL
</UL>
<BR>[Called By]<UL><LI><a href="#[43]">&gt;&gt;</a>&nbsp;&nbsp;&nbsp;__main
<LI><a href="#[5a]">&gt;&gt;</a>&nbsp;&nbsp;&nbsp;MOVE_DOWN
</UL>

<P><STRONG><a name="[89]"></a>DRAW_BULLET_CHAR_R</STRONG> (Thumb, 84 bytes, Stack size 0 bytes, dead.o(MYCODE))
<BR><BR>[Calls]<UL><LI><a href="#[68]">&gt;&gt;</a>&nbsp;&nbsp;&nbsp;DRAWPIXEL
</UL>
<BR>[Called By]<UL><LI><a href="#[5d]">&gt;&gt;</a>&nbsp;&nbsp;&nbsp;MOVE_RIGHT
</UL>

<P><STRONG><a name="[8a]"></a>DRAW_BULLET_CHAR_L</STRONG> (Thumb, 84 bytes, Stack size 0 bytes, dead.o(MYCODE))
<BR><BR>[Calls]<UL><LI><a href="#[68]">&gt;&gt;</a>&nbsp;&nbsp;&nbsp;DRAWPIXEL
</UL>
<BR>[Called By]<UL><LI><a href="#[5c]">&gt;&gt;</a>&nbsp;&nbsp;&nbsp;MOVE_LEFT
</UL>

<P><STRONG><a name="[8b]"></a>DRAW_BULLET_CHAR_U</STRONG> (Thumb, 84 bytes, Stack size 0 bytes, dead.o(MYCODE))
<BR><BR>[Calls]<UL><LI><a href="#[68]">&gt;&gt;</a>&nbsp;&nbsp;&nbsp;DRAWPIXEL
</UL>
<BR>[Called By]<UL><LI><a href="#[5b]">&gt;&gt;</a>&nbsp;&nbsp;&nbsp;MOVE_UP
</UL>

<P><STRONG><a name="[8c]"></a>LOCATION_INIT</STRONG> (Thumb, 32 bytes, Stack size 0 bytes, dead.o(MYCODE))
<BR><BR>[Called By]<UL><LI><a href="#[43]">&gt;&gt;</a>&nbsp;&nbsp;&nbsp;__main
</UL>

<P><STRONG><a name="[8d]"></a>BULLET_BG</STRONG> (Thumb, 182 bytes, Stack size 0 bytes, dead.o(MYCODE))
<BR><BR>[Calls]<UL><LI><a href="#[67]">&gt;&gt;</a>&nbsp;&nbsp;&nbsp;ADDRESS_SET
<LI><a href="#[65]">&gt;&gt;</a>&nbsp;&nbsp;&nbsp;LCD_16_DATA_WRITE
<LI><a href="#[63]">&gt;&gt;</a>&nbsp;&nbsp;&nbsp;LCD_COMMAND_WRITE
</UL>
<BR>[Called By]<UL><LI><a href="#[43]">&gt;&gt;</a>&nbsp;&nbsp;&nbsp;__main
</UL>
<P>
<H3>
Undefined Global Symbols
</H3><HR></body></html>
