Component: Arm Compiler for Embedded 6.19 Tool: armlink [5e73cb00]

==============================================================================

Section Cross References

    dead.o(MYCODE) refers to dead.o(MYDATA) for GAMEOVERFLAG
    dead.o(MYCODE) refers to sprite.o(MYDATA) for ARROW
    startup_stm32f401xc.o(STACK) refers (Special) to heapauxi.o(.text) for __use_two_region_memory
    startup_stm32f401xc.o(HEAP) refers (Special) to heapauxi.o(.text) for __use_two_region_memory
    startup_stm32f401xc.o(RESET) refers (Special) to heapauxi.o(.text) for __use_two_region_memory
    startup_stm32f401xc.o(RESET) refers to startup_stm32f401xc.o(STACK) for __initial_sp
    startup_stm32f401xc.o(RESET) refers to startup_stm32f401xc.o(.text) for Reset_Handler
    startup_stm32f401xc.o(.text) refers (Special) to heapauxi.o(.text) for __use_two_region_memory
    startup_stm32f401xc.o(.text) refers to system_stm32f4xx.o(.text.SystemInit) for SystemInit
    startup_stm32f401xc.o(.text) refers to dead.o(MYCODE) for __main
    startup_stm32f401xc.o(.text) refers to startup_stm32f401xc.o(HEAP) for Heap_Mem
    startup_stm32f401xc.o(.text) refers to startup_stm32f401xc.o(STACK) for Stack_Mem
    system_stm32f4xx.o(.ARM.exidx.text.SystemInit) refers to system_stm32f4xx.o(.text.SystemInit) for [Anonymous Symbol]
    system_stm32f4xx.o(.text.SystemCoreClockUpdate) refers to system_stm32f4xx.o(.data.SystemCoreClock) for SystemCoreClock
    system_stm32f4xx.o(.text.SystemCoreClockUpdate) refers to system_stm32f4xx.o(.rodata.AHBPrescTable) for AHBPrescTable
    system_stm32f4xx.o(.ARM.exidx.text.SystemCoreClockUpdate) refers to system_stm32f4xx.o(.text.SystemCoreClockUpdate) for [Anonymous Symbol]


==============================================================================

Removing Unused input sections from the image.

    Removing system_stm32f4xx.o(.text), (0 bytes).
    Removing system_stm32f4xx.o(.ARM.exidx.text.SystemInit), (8 bytes).
    Removing system_stm32f4xx.o(.text.SystemCoreClockUpdate), (302 bytes).
    Removing system_stm32f4xx.o(.ARM.exidx.text.SystemCoreClockUpdate), (8 bytes).
    Removing system_stm32f4xx.o(.data.SystemCoreClock), (4 bytes).
    Removing system_stm32f4xx.o(.rodata.AHBPrescTable), (16 bytes).
    Removing system_stm32f4xx.o(.rodata.APBPrescTable), (8 bytes).

7 unused section(s) (total 346 bytes) removed from the image.

==============================================================================

Image Symbol Table

    Local Symbols

    Symbol Name                              Value     Ov Type        Size  Object(Section)

    ../clib/heapaux.c                        0x00000000   Number         0  heapauxi.o ABSOLUTE
    DEAD.s                                   0x00000000   Number         0  dead.o ABSOLUTE
    RTE/Device/STM32F401RCTx/startup_stm32f401xc.s 0x00000000   Number         0  startup_stm32f401xc.o ABSOLUTE
    SPRITE.s                                 0x00000000   Number         0  sprite.o ABSOLUTE
    dc.s                                     0x00000000   Number         0  dc.o ABSOLUTE
    system_stm32f4xx.c                       0x00000000   Number         0  system_stm32f4xx.o ABSOLUTE
    RESET                                    0x08000000   Section      404  startup_stm32f401xc.o(RESET)
    $v0                                      0x08000194   Number         0  startup_stm32f401xc.o(.text)
    .text                                    0x08000194   Section       64  startup_stm32f401xc.o(.text)
    .text                                    0x080001d4   Section        0  heapauxi.o(.text)
    [Anonymous Symbol]                       0x080001dc   Section        0  system_stm32f4xx.o(.text.SystemInit)
    $v0                                      0x080001f0   Number         0  dead.o(MYCODE)
    MYCODE                                   0x080001f0   Section     8772  dead.o(MYCODE)
    START_SCREEN                             0x08000341   Thumb Code   308  dead.o(MYCODE)
    INITIALIZE_SPIDER_VALUES                 0x08000475   Thumb Code    92  dead.o(MYCODE)
    DRAW_SPIDER1_LEFT                        0x080004d1   Thumb Code    84  dead.o(MYCODE)
    DRAW_SPIDER2_LEFT                        0x08000525   Thumb Code    84  dead.o(MYCODE)
    DRAW_SPIDER3_LEFT                        0x08000579   Thumb Code    84  dead.o(MYCODE)
    DRAW_SPIDER1_RIGHT                       0x080005cd   Thumb Code    84  dead.o(MYCODE)
    DRAW_SPIDER2_RIGHT                       0x08000621   Thumb Code    84  dead.o(MYCODE)
    DRAW_SPIDER3_RIGHT                       0x08000675   Thumb Code    84  dead.o(MYCODE)
    MOVE_SPIDER1_RIGHT                       0x080006c9   Thumb Code    26  dead.o(MYCODE)
    MOVE_SPIDER2_RIGHT                       0x080006e3   Thumb Code    26  dead.o(MYCODE)
    MOVE_SPIDER3_RIGHT                       0x080006fd   Thumb Code    26  dead.o(MYCODE)
    MOVE_SPIDER1_LEFT                        0x08000717   Thumb Code    26  dead.o(MYCODE)
    MOVE_SPIDER2_LEFT                        0x08000731   Thumb Code    26  dead.o(MYCODE)
    MOVE_SPIDER3_LEFT                        0x0800074b   Thumb Code    26  dead.o(MYCODE)
    RESET_SPIDER1_BG                         0x08000765   Thumb Code   152  dead.o(MYCODE)
    RESET_SPIDER2_BG                         0x080007fd   Thumb Code   200  dead.o(MYCODE)
    RESET_SPIDER3_BG                         0x080008c5   Thumb Code   152  dead.o(MYCODE)
    SPAWN_SPIDER1                            0x0800095d   Thumb Code   138  dead.o(MYCODE)
    INITIALIZE_ARRAYS                        0x08000a95   Thumb Code   104  dead.o(MYCODE)
    COLLISION_W_CHAR                         0x08000afd   Thumb Code    60  dead.o(MYCODE)
    COLLISION_W_CHAR_S1                      0x08000b39   Thumb Code   102  dead.o(MYCODE)
    GAMEOVER                                 0x08000c17   Thumb Code    96  dead.o(MYCODE)
    MOVE_DOWN                                0x08000c77   Thumb Code   120  dead.o(MYCODE)
    MOVE_UP                                  0x08000cef   Thumb Code   118  dead.o(MYCODE)
    MOVE_LEFT                                0x08000d65   Thumb Code   106  dead.o(MYCODE)
    MOVE_RIGHT                               0x08000dcf   Thumb Code   112  dead.o(MYCODE)
    RESET_CHAR_BG                            0x08000e3f   Thumb Code   212  dead.o(MYCODE)
    DRAW_ROAD                                0x08000f8f   Thumb Code    50  dead.o(MYCODE)
    DRAW_TILE                                0x08000fc1   Thumb Code    70  dead.o(MYCODE)
    LCD_WRITE                                0x08001007   Thumb Code    44  dead.o(MYCODE)
    LCD_16_WRITE                             0x08001033   Thumb Code    76  dead.o(MYCODE)
    LCD_COMMAND_WRITE                        0x0800107f   Thumb Code    32  dead.o(MYCODE)
    LCD_DATA_WRITE                           0x0800109f   Thumb Code    32  dead.o(MYCODE)
    LCD_16_DATA_WRITE                        0x080010bf   Thumb Code    32  dead.o(MYCODE)
    LCD_INIT                                 0x080010df   Thumb Code   204  dead.o(MYCODE)
    ADDRESS_SET                              0x080011ab   Thumb Code    92  dead.o(MYCODE)
    DRAWPIXEL                                0x08001207   Thumb Code    50  dead.o(MYCODE)
    DRAW_RECTANGLE_FILLED_A                  0x08001239   Thumb Code    58  dead.o(MYCODE)
    SPAWN_BULLET                             0x08001273   Thumb Code    34  dead.o(MYCODE)
    MOVE_BULLET_DOWN                         0x08001295   Thumb Code    98  dead.o(MYCODE)
    DRAW_BULLET_RED                          0x080012f7   Thumb Code    46  dead.o(MYCODE)
    DRAW_RECTANGLE_FILLED                    0x08001325   Thumb Code    32  dead.o(MYCODE)
    SETUP                                    0x08001345   Thumb Code   226  dead.o(MYCODE)
    DRAW_NEON                                0x08001509   Thumb Code    78  dead.o(MYCODE)
    MOVE_COMP_CAR_UP                         0x08001557   Thumb Code   118  dead.o(MYCODE)
    MOVE_MAIN_CAR_UP                         0x080015cd   Thumb Code   110  dead.o(MYCODE)
    TRAIL_COLLISION                          0x0800163b   Thumb Code   472  dead.o(MYCODE)
    MAIN_CHECK_COLLISION                     0x08001813   Thumb Code    26  dead.o(MYCODE)
    NEON_RACERS                              0x0800182d   Thumb Code   286  dead.o(MYCODE)
    MOVE_MAIN_CAR_RIGHT                      0x0800194b   Thumb Code   122  dead.o(MYCODE)
    MOVE_MAIN_CAR_LEFT                       0x080019c5   Thumb Code   100  dead.o(MYCODE)
    MOVE_MAIN_CAR_DOWN                       0x08001a29   Thumb Code   110  dead.o(MYCODE)
    DRAW_BACKGROUND                          0x08001a97   Thumb Code    32  dead.o(MYCODE)
    MOVE_COMP_CAR_RIGHT                      0x08001ab7   Thumb Code   112  dead.o(MYCODE)
    MOVE_COMP_CAR_LEFT                       0x08001b27   Thumb Code   108  dead.o(MYCODE)
    MOVE_COMP_CAR_DOWN                       0x08001b93   Thumb Code   118  dead.o(MYCODE)
    DRAW_MAIN_CAR_UP                         0x08001c09   Thumb Code   112  dead.o(MYCODE)
    DRAW_MAIN_CAR_RIGHT                      0x08001c79   Thumb Code   104  dead.o(MYCODE)
    DRAW_MAIN_CAR_LEFT                       0x08001ce3   Thumb Code    78  dead.o(MYCODE)
    DRAW_MAIN_CAR_DOWN                       0x08001d31   Thumb Code    78  dead.o(MYCODE)
    DRAW_TRAIL_RIGHT                         0x08001d7f   Thumb Code   106  dead.o(MYCODE)
    DRAW_TRAIL_DOWN                          0x08001de9   Thumb Code   106  dead.o(MYCODE)
    DRAW_TRAIL_LEFT                          0x08001e53   Thumb Code   110  dead.o(MYCODE)
    DRAW_TRAIL_UP                            0x08001ec1   Thumb Code   110  dead.o(MYCODE)
    CHECK_INPUT                              0x08001f2f   Thumb Code   436  dead.o(MYCODE)
    DRAW_NEON_TITLE                          0x08002113   Thumb Code    50  dead.o(MYCODE)
    DRAW_NEON_START                          0x08002145   Thumb Code    50  dead.o(MYCODE)
    START                                    0x08002177   Thumb Code    60  dead.o(MYCODE)
    DRAW_BULLET_CHAR_D                       0x080021b3   Thumb Code    84  dead.o(MYCODE)
    DRAW_BULLET_CHAR_R                       0x08002207   Thumb Code    84  dead.o(MYCODE)
    DRAW_BULLET_CHAR_L                       0x0800225b   Thumb Code    84  dead.o(MYCODE)
    DRAW_BULLET_CHAR_U                       0x080022af   Thumb Code    84  dead.o(MYCODE)
    LOCATION_INIT                            0x08002303   Thumb Code    32  dead.o(MYCODE)
    BULLET_BG                                0x08002323   Thumb Code   182  dead.o(MYCODE)
    MYDATA                                   0x08002434   Section    47318  sprite.o(MYDATA)
    SPRITE_X                                 0x20000000   Data           4  dead.o(MYDATA)
    MYDATA                                   0x20000000   Section      140  dead.o(MYDATA)
    SPRITE_Y                                 0x20000004   Data           4  dead.o(MYDATA)
    SPIDER1_X                                0x20000008   Data           4  dead.o(MYDATA)
    SPIDER1_Y                                0x2000000c   Data           4  dead.o(MYDATA)
    SPIDER2_X                                0x20000010   Data           4  dead.o(MYDATA)
    SPIDER2_Y                                0x20000014   Data           4  dead.o(MYDATA)
    SPIDER3_X                                0x20000018   Data           4  dead.o(MYDATA)
    SPIDER3_Y                                0x2000001c   Data           4  dead.o(MYDATA)
    FLAGSPIDER                               0x20000020   Data           4  dead.o(MYDATA)
    FLAGSPIDER2                              0x20000024   Data           4  dead.o(MYDATA)
    FLAGSPIDER3                              0x20000028   Data           4  dead.o(MYDATA)
    TILE_X                                   0x2000002c   Data           4  dead.o(MYDATA)
    TILE_Y                                   0x20000030   Data           4  dead.o(MYDATA)
    ISSHOT                                   0x20000038   Data           4  dead.o(MYDATA)
    BULLET_X                                 0x2000003c   Data           4  dead.o(MYDATA)
    BULLET_Y                                 0x20000040   Data           4  dead.o(MYDATA)
    RESET_X                                  0x20000044   Data           4  dead.o(MYDATA)
    RESET_Y                                  0x20000048   Data           4  dead.o(MYDATA)
    RESET_H                                  0x2000004c   Data           2  dead.o(MYDATA)
    RESET_W                                  0x2000004e   Data           2  dead.o(MYDATA)
    NEXT_BULLET                              0x20000050   Data          28  dead.o(MYDATA)
    NEXT_BULLET_INDEX                        0x2000006c   Data           4  dead.o(MYDATA)
    GAMEOVERFLAG                             0x20000070   Data           4  dead.o(MYDATA)
    MAIN_CAR_X                               0x20000074   Data           2  dead.o(MYDATA)
    MAIN_CAR_Y                               0x20000076   Data           2  dead.o(MYDATA)
    COMP_CAR_X                               0x20000078   Data           2  dead.o(MYDATA)
    COMP_CAR_Y                               0x2000007a   Data           2  dead.o(MYDATA)
    ORIENTATION_MAIN                         0x2000007c   Data           2  dead.o(MYDATA)
    ORIENTATION_COMP                         0x2000007e   Data           2  dead.o(MYDATA)
    HORIZONTAL_TRAIL_COUNT                   0x20000080   Data           2  dead.o(MYDATA)
    VERTICAL_TRAIL_COUNT                     0x20000082   Data           2  dead.o(MYDATA)
    PLAYER_1_SCORE                           0x20000084   Data           2  dead.o(MYDATA)
    PLAYER_2_SCORE                           0x20000086   Data           2  dead.o(MYDATA)
    MAIN_COLLIDED                            0x20000088   Data           2  dead.o(MYDATA)
    COMP_COLLIDED                            0x2000008a   Data           2  dead.o(MYDATA)
    Heap_Mem                                 0x20000090   Data         512  startup_stm32f401xc.o(HEAP)
    HEAP                                     0x20000090   Section      512  startup_stm32f401xc.o(HEAP)
    Stack_Mem                                0x20000290   Data        1024  startup_stm32f401xc.o(STACK)
    STACK                                    0x20000290   Section     1024  startup_stm32f401xc.o(STACK)
    __initial_sp                             0x20000690   Data           0  startup_stm32f401xc.o(STACK)

    Global Symbols

    Symbol Name                              Value     Ov Type        Size  Object(Section)

    BuildAttributes$$THM_ISAv4$E$P$D$K$B$S$7EM$VFPi3$EXTD16$VFPS$VFMA$PE$A:L22UL41UL21$X:L11$S22US41US21$IEEE1$IW$~IW$USESV6$~STKCKD$USESV7$~SHL$OSPACE$ROPI$EBA8$STANDARDLIB$REQ8$EABIv2 0x00000000   Number         0  anon$$obj.o ABSOLUTE
    __Vectors_Size                           0x00000194   Number         0  startup_stm32f401xc.o ABSOLUTE
    __Vectors                                0x08000000   Data           4  startup_stm32f401xc.o(RESET)
    Reset_Handler                            0x08000195   Thumb Code     8  startup_stm32f401xc.o(.text)
    __Vectors_End                            0x08000194   Data           0  startup_stm32f401xc.o(RESET)
    NMI_Handler                              0x0800019d   Thumb Code     2  startup_stm32f401xc.o(.text)
    HardFault_Handler                        0x0800019f   Thumb Code     2  startup_stm32f401xc.o(.text)
    MemManage_Handler                        0x080001a1   Thumb Code     2  startup_stm32f401xc.o(.text)
    BusFault_Handler                         0x080001a3   Thumb Code     2  startup_stm32f401xc.o(.text)
    UsageFault_Handler                       0x080001a5   Thumb Code     2  startup_stm32f401xc.o(.text)
    SVC_Handler                              0x080001a7   Thumb Code     2  startup_stm32f401xc.o(.text)
    DebugMon_Handler                         0x080001a9   Thumb Code     2  startup_stm32f401xc.o(.text)
    PendSV_Handler                           0x080001ab   Thumb Code     2  startup_stm32f401xc.o(.text)
    SysTick_Handler                          0x080001ad   Thumb Code     2  startup_stm32f401xc.o(.text)
    ADC_IRQHandler                           0x080001af   Thumb Code     0  startup_stm32f401xc.o(.text)
    DMA1_Stream0_IRQHandler                  0x080001af   Thumb Code     0  startup_stm32f401xc.o(.text)
    DMA1_Stream1_IRQHandler                  0x080001af   Thumb Code     0  startup_stm32f401xc.o(.text)
    DMA1_Stream2_IRQHandler                  0x080001af   Thumb Code     0  startup_stm32f401xc.o(.text)
    DMA1_Stream3_IRQHandler                  0x080001af   Thumb Code     0  startup_stm32f401xc.o(.text)
    DMA1_Stream4_IRQHandler                  0x080001af   Thumb Code     0  startup_stm32f401xc.o(.text)
    DMA1_Stream5_IRQHandler                  0x080001af   Thumb Code     0  startup_stm32f401xc.o(.text)
    DMA1_Stream6_IRQHandler                  0x080001af   Thumb Code     0  startup_stm32f401xc.o(.text)
    DMA1_Stream7_IRQHandler                  0x080001af   Thumb Code     0  startup_stm32f401xc.o(.text)
    DMA2_Stream0_IRQHandler                  0x080001af   Thumb Code     0  startup_stm32f401xc.o(.text)
    DMA2_Stream1_IRQHandler                  0x080001af   Thumb Code     0  startup_stm32f401xc.o(.text)
    DMA2_Stream2_IRQHandler                  0x080001af   Thumb Code     0  startup_stm32f401xc.o(.text)
    DMA2_Stream3_IRQHandler                  0x080001af   Thumb Code     0  startup_stm32f401xc.o(.text)
    DMA2_Stream4_IRQHandler                  0x080001af   Thumb Code     0  startup_stm32f401xc.o(.text)
    DMA2_Stream5_IRQHandler                  0x080001af   Thumb Code     0  startup_stm32f401xc.o(.text)
    DMA2_Stream6_IRQHandler                  0x080001af   Thumb Code     0  startup_stm32f401xc.o(.text)
    DMA2_Stream7_IRQHandler                  0x080001af   Thumb Code     0  startup_stm32f401xc.o(.text)
    EXTI0_IRQHandler                         0x080001af   Thumb Code     0  startup_stm32f401xc.o(.text)
    EXTI15_10_IRQHandler                     0x080001af   Thumb Code     0  startup_stm32f401xc.o(.text)
    EXTI1_IRQHandler                         0x080001af   Thumb Code     0  startup_stm32f401xc.o(.text)
    EXTI2_IRQHandler                         0x080001af   Thumb Code     0  startup_stm32f401xc.o(.text)
    EXTI3_IRQHandler                         0x080001af   Thumb Code     0  startup_stm32f401xc.o(.text)
    EXTI4_IRQHandler                         0x080001af   Thumb Code     0  startup_stm32f401xc.o(.text)
    EXTI9_5_IRQHandler                       0x080001af   Thumb Code     0  startup_stm32f401xc.o(.text)
    FLASH_IRQHandler                         0x080001af   Thumb Code     0  startup_stm32f401xc.o(.text)
    FPU_IRQHandler                           0x080001af   Thumb Code     0  startup_stm32f401xc.o(.text)
    I2C1_ER_IRQHandler                       0x080001af   Thumb Code     0  startup_stm32f401xc.o(.text)
    I2C1_EV_IRQHandler                       0x080001af   Thumb Code     0  startup_stm32f401xc.o(.text)
    I2C2_ER_IRQHandler                       0x080001af   Thumb Code     0  startup_stm32f401xc.o(.text)
    I2C2_EV_IRQHandler                       0x080001af   Thumb Code     0  startup_stm32f401xc.o(.text)
    I2C3_ER_IRQHandler                       0x080001af   Thumb Code     0  startup_stm32f401xc.o(.text)
    I2C3_EV_IRQHandler                       0x080001af   Thumb Code     0  startup_stm32f401xc.o(.text)
    OTG_FS_IRQHandler                        0x080001af   Thumb Code     0  startup_stm32f401xc.o(.text)
    OTG_FS_WKUP_IRQHandler                   0x080001af   Thumb Code     0  startup_stm32f401xc.o(.text)
    PVD_IRQHandler                           0x080001af   Thumb Code     0  startup_stm32f401xc.o(.text)
    RCC_IRQHandler                           0x080001af   Thumb Code     0  startup_stm32f401xc.o(.text)
    RTC_Alarm_IRQHandler                     0x080001af   Thumb Code     0  startup_stm32f401xc.o(.text)
    RTC_WKUP_IRQHandler                      0x080001af   Thumb Code     0  startup_stm32f401xc.o(.text)
    SDIO_IRQHandler                          0x080001af   Thumb Code     0  startup_stm32f401xc.o(.text)
    SPI1_IRQHandler                          0x080001af   Thumb Code     0  startup_stm32f401xc.o(.text)
    SPI2_IRQHandler                          0x080001af   Thumb Code     0  startup_stm32f401xc.o(.text)
    SPI3_IRQHandler                          0x080001af   Thumb Code     0  startup_stm32f401xc.o(.text)
    SPI4_IRQHandler                          0x080001af   Thumb Code     0  startup_stm32f401xc.o(.text)
    TAMP_STAMP_IRQHandler                    0x080001af   Thumb Code     0  startup_stm32f401xc.o(.text)
    TIM1_BRK_TIM9_IRQHandler                 0x080001af   Thumb Code     0  startup_stm32f401xc.o(.text)
    TIM1_CC_IRQHandler                       0x080001af   Thumb Code     0  startup_stm32f401xc.o(.text)
    TIM1_TRG_COM_TIM11_IRQHandler            0x080001af   Thumb Code     0  startup_stm32f401xc.o(.text)
    TIM1_UP_TIM10_IRQHandler                 0x080001af   Thumb Code     0  startup_stm32f401xc.o(.text)
    TIM2_IRQHandler                          0x080001af   Thumb Code     0  startup_stm32f401xc.o(.text)
    TIM3_IRQHandler                          0x080001af   Thumb Code     0  startup_stm32f401xc.o(.text)
    TIM4_IRQHandler                          0x080001af   Thumb Code     0  startup_stm32f401xc.o(.text)
    TIM5_IRQHandler                          0x080001af   Thumb Code     0  startup_stm32f401xc.o(.text)
    USART1_IRQHandler                        0x080001af   Thumb Code     0  startup_stm32f401xc.o(.text)
    USART2_IRQHandler                        0x080001af   Thumb Code     0  startup_stm32f401xc.o(.text)
    USART6_IRQHandler                        0x080001af   Thumb Code     0  startup_stm32f401xc.o(.text)
    WWDG_IRQHandler                          0x080001af   Thumb Code     0  startup_stm32f401xc.o(.text)
    __user_initial_stackheap                 0x080001b1   Thumb Code     0  startup_stm32f401xc.o(.text)
    __use_two_region_memory                  0x080001d5   Thumb Code     2  heapauxi.o(.text)
    __rt_heap_escrow$2region                 0x080001d7   Thumb Code     2  heapauxi.o(.text)
    __rt_heap_expand$2region                 0x080001d9   Thumb Code     2  heapauxi.o(.text)
    SystemInit                               0x080001dd   Thumb Code    18  system_stm32f4xx.o(.text.SystemInit)
    __main                                   0x080001f1   Thumb Code   336  dead.o(MYCODE)
    DELAY_1_MILLI_SEC                        0x08001427   Thumb Code    22  dead.o(MYCODE)
    DELAY_10_MILLI_SEC                       0x0800143d   Thumb Code    22  dead.o(MYCODE)
    DELAY_100_MILLI_SEC                      0x08001453   Thumb Code    22  dead.o(MYCODE)
    DELAY_1_SEC                              0x08001469   Thumb Code    22  dead.o(MYCODE)
    DELAY_10_SEC                             0x0800147f   Thumb Code    22  dead.o(MYCODE)
    BG_ARRAY                                 0x08002434   Data           0  sprite.o(MYDATA)
    BULLET_GAMEOVER                          0x080024ca   Data           0  sprite.o(MYDATA)
    BULLET_CHAR_RIGHT                        0x08002eda   Data           0  sprite.o(MYDATA)
    BULLET_CHAR_UP                           0x080032dc   Data           0  sprite.o(MYDATA)
    BULLET_CHAR_LEFT                         0x080036de   Data           0  sprite.o(MYDATA)
    BULLET_CHAR_DOWN                         0x08003ae0   Data           0  sprite.o(MYDATA)
    ROAD                                     0x08003ee2   Data           0  sprite.o(MYDATA)
    GRASS                                    0x080046e2   Data           0  sprite.o(MYDATA)
    NEON_TITLE                               0x08004ee2   Data           0  sprite.o(MYDATA)
    NEON_START                               0x08008592   Data           0  sprite.o(MYDATA)
    TRAILS_HORIZONTAL_X                      0x08008a72   Data           0  sprite.o(MYDATA)
    TRAILS_HORIZONTAL_Y                      0x08008cb2   Data           0  sprite.o(MYDATA)
    TRAILS_VERTICAL_X                        0x08008ef2   Data           0  sprite.o(MYDATA)
    NEON_BARRAGE                             0x08009132   Data           0  sprite.o(MYDATA)
    PRESENTS                                 0x0800a0d6   Data           0  sprite.o(MYDATA)
    BULLET_BARRAGE                           0x0800aa92   Data           0  sprite.o(MYDATA)
    NEON_CYCLES                              0x0800ba36   Data           0  sprite.o(MYDATA)
    ARROW                                    0x0800c65a   Data           0  sprite.o(MYDATA)
    TRAILS_VERTICAL_Y                        0x0800c83a   Data           0  sprite.o(MYDATA)
    NEON_CAR_MAIN_FRONT                      0x0800ca7a   Data           0  sprite.o(MYDATA)
    NEON_CAR_MAIN_RIGHT                      0x0800cbfa   Data           0  sprite.o(MYDATA)
    NEON_CAR_MAIN_LEFT                       0x0800cd7a   Data           0  sprite.o(MYDATA)
    NEON_CAR_MAIN_DOWN                       0x0800cefa   Data           0  sprite.o(MYDATA)
    NEON_CAR_COMP_FRONT                      0x0800d07a   Data           0  sprite.o(MYDATA)
    NEON_CAR_COMP_DOWN                       0x0800d1fa   Data           0  sprite.o(MYDATA)
    NEON_CAR_COMP_RIGHT                      0x0800d37a   Data           0  sprite.o(MYDATA)
    NEON_CAR_COMP_LEFT                       0x0800d4fa   Data           0  sprite.o(MYDATA)
    SPIDERLEFT                               0x0800d67a   Data           0  sprite.o(MYDATA)
    SPIDERRIGHT                              0x0800d9c2   Data           0  sprite.o(MYDATA)



==============================================================================

Memory Map of the image

  Image Entry point : 0x080001f1

  Load Region LR_IROM1 (Base: 0x08000000, Size: 0x0000dda0, Max: 0x00040000, ABSOLUTE)

    Execution Region ER_IROM1 (Exec base: 0x08000000, Load base: 0x08000000, Size: 0x0000dd0c, Max: 0x00040000, ABSOLUTE)

    Exec Addr    Load Addr    Size         Type   Attr      Idx    E Section Name        Object

    0x08000000   0x08000000   0x00000194   Data   RO           11    RESET               startup_stm32f401xc.o
    0x08000194   0x08000194   0x00000040   Code   RO           12    .text               startup_stm32f401xc.o
    0x080001d4   0x080001d4   0x00000006   Code   RO           32    .text               c_w.l(heapauxi.o)
    0x080001da   0x080001da   0x00000002   PAD
    0x080001dc   0x080001dc   0x00000012   Code   RO           17    .text.SystemInit    system_stm32f4xx.o
    0x080001ee   0x080001ee   0x00000002   PAD
    0x080001f0   0x080001f0   0x00002244   Code   RO            2  * MYCODE              dead.o
    0x08002434   0x08002434   0x0000b8d6   Data   RO            8    MYDATA              sprite.o


    Execution Region RW_IRAM1 (Exec base: 0x20000000, Load base: 0x0800dd10, Size: 0x00000690, Max: 0x00010000, ABSOLUTE)

    Exec Addr    Load Addr    Size         Type   Attr      Idx    E Section Name        Object

    0x20000000   0x0800dd10   0x0000008c   Data   RW            1    MYDATA              dead.o
    0x2000008c   0x0800dd9c   0x00000004   PAD
    0x20000090        -       0x00000200   Zero   RW           10    HEAP                startup_stm32f401xc.o
    0x20000290        -       0x00000400   Zero   RW            9    STACK               startup_stm32f401xc.o


==============================================================================

Image component sizes


      Code (inc. data)   RO Data    RW Data    ZI Data      Debug   Object Name

      8772        642          0        140          0       6988   dead.o
         0          0      47318          0          0          0   sprite.o
        64         26        404          0       1536        848   startup_stm32f401xc.o
        18          0          0          0          0       2700   system_stm32f4xx.o

    ----------------------------------------------------------------------
      8856        668      47724        140       1540      10536   Object Totals
         0          0          0          0          0          0   (incl. Generated)
         2          0          2          0          4          0   (incl. Padding)

    ----------------------------------------------------------------------

      Code (inc. data)   RO Data    RW Data    ZI Data      Debug   Library Member Name

         6          0          0          0          0        152   heapauxi.o

    ----------------------------------------------------------------------
         8          0          0          0          0        152   Library Totals
         2          0          0          0          0          0   (incl. Padding)

    ----------------------------------------------------------------------

      Code (inc. data)   RO Data    RW Data    ZI Data      Debug   Library Name

         6          0          0          0          0        152   c_w.l

    ----------------------------------------------------------------------
         8          0          0          0          0        152   Library Totals

    ----------------------------------------------------------------------

==============================================================================


      Code (inc. data)   RO Data    RW Data    ZI Data      Debug   

      8864        668      47724        140       1540      10588   Grand Totals
      8864        668      47724        140       1540      10588   ELF Image Totals
      8864        668      47724        140          0          0   ROM Totals

==============================================================================

    Total RO  Size (Code + RO Data)                56588 (  55.26kB)
    Total RW  Size (RW Data + ZI Data)              1680 (   1.64kB)
    Total ROM Size (Code + RO Data + RW Data)      56728 (  55.40kB)

==============================================================================

